make -j4 all 
arm-none-eabi-size   mpu6050\ accelometer.elf 
   text	   data	    bss	    dec	    hex	filename
  29248	    364	   3644	  33256	   81e8	mpu6050 accelometer.elf
Finished building: default.size.stdout
 

15:34:16 Build Finished. 0 errors, 0 warnings. (took 1s.806ms)

15:34:16 **** Incremental Build of configuration Debug for project mpu6050 accelometer ****
make -j4 all 
arm-none-eabi-size   mpu6050\ accelometer.elf 
   text	   data	    bss	    dec	    hex	filename
  29248	    364	   3644	  33256	   81e8	mpu6050 accelometer.elf
Finished building: default.size.stdout
 
15:34:22 **** Incremental Build of configuration Debug for project mpu6050 accelometer ****
make -j4 all 
arm-none-eabi-size   mpu6050\ accelometer.elf 
   text	   data	    bss	    dec	    hex	filename
  29248	    364	   3644	  33256	   81e8	mpu6050 accelometer.elf
Finished building: default.size.stdout
 
15:36:20 **** Incremental Build of configuration Debug for project mpu6050 accelometer ****
make -j4 all 
arm-none-eabi-size   mpu6050\ accelometer.elf 
   text	   data	    bss	    dec	    hex	filename
  29248	    364	   3644	  33256	   81e8	mpu6050 accelometer.elf
Finished building: default.size.stdout
 
15:36:57 **** Incremental Build of configuration Debug for project mpu6050 accelometer ****
make -j4 all 
arm-none-eabi-size   mpu6050\ accelometer.elf 
   text	   data	    bss	    dec	    hex	filename
  29248	    364	   3644	  33256	   81e8	mpu6050 accelometer.elf
Finished building: default.size.stdout
 
15:40:49 **** Incremental Build of configuration Debug for project mpu6050 accelometer ****
make -j4 all 
arm-none-eabi-size   mpu6050\ accelometer.elf 
   text	   data	    bss	    dec	    hex	filename
  29248	    364	   3644	  33256	   81e8	mpu6050 accelometer.elf
Finished building: default.size.stdout
 
15:41:42 **** Incremental Build of configuration Debug for project mpu6050 accelometer ****
make -j4 all 
arm-none-eabi-size   mpu6050\ accelometer.elf 
   text	   data	    bss	    dec	    hex	filename
  29248	    364	   3644	  33256	   81e8	mpu6050 accelometer.elf
Finished building: default.size.stdout
 
15:43:06 **** Incremental Build of configuration Debug for project mpu6050 accelometer ****
make -j4 all 
arm-none-eabi-size   mpu6050\ accelometer.elf 
   text	   data	    bss	    dec	    hex	filename
  29248	    364	   3644	  33256	   81e8	mpu6050 accelometer.elf
Finished building: default.size.stdout
 
15:44:52 **** Incremental Build of configuration Debug for project mpu6050 accelometer ****
make -j4 all 
arm-none-eabi-size   mpu6050\ accelometer.elf 
   text	   data	    bss	    dec	    hex	filename
  29248	    364	   3644	  33256	   81e8	mpu6050 accelometer.elf
Finished building: default.size.stdout
 
15:45:14 **** Incremental Build of configuration Debug for project mpu6050 accelometer ****
make -j4 all 
arm-none-eabi-size   mpu6050\ accelometer.elf 
   text	   data	    bss	    dec	    hex	filename
  29248	    364	   3644	  33256	   81e8	mpu6050 accelometer.elf
Finished building: default.size.stdout
 
15:46:46 **** Incremental Build of configuration Debug for project mpu6050 accelometer ****
make -j4 all 
arm-none-eabi-size   mpu6050\ accelometer.elf 
   text	   data	    bss	    dec	    hex	filename
  29248	    364	   3644	  33256	   81e8	mpu6050 accelometer.elf
Finished building: default.size.stdout
 
15:47:51 **** Incremental Build of configuration Debug for project mpu6050 accelometer ****
make -j4 all 
arm-none-eabi-size   mpu6050\ accelometer.elf 
   text	   data	    bss	    dec	    hex	filename
  29248	    364	   3644	  33256	   81e8	mpu6050 accelometer.elf
Finished building: default.size.stdout
 
15:48:18 **** Incremental Build of configuration Debug for project mpu6050 accelometer ****
make -j4 all 
arm-none-eabi-size   mpu6050\ accelometer.elf 
   text	   data	    bss	    dec	    hex	filename
  29248	    364	   3644	  33256	   81e8	mpu6050 accelometer.elf
Finished building: default.size.stdout
 
15:50:01 **** Incremental Build of configuration Debug for project mpu6050 accelometer ****
make -j4 all 
arm-none-eabi-size   mpu6050\ accelometer.elf 
   text	   data	    bss	    dec	    hex	filename
  29248	    364	   3644	  33256	   81e8	mpu6050 accelometer.elf
Finished building: default.size.stdout
 
22:27:50 **** Incremental Build of configuration Debug for project mpu6050 accelometer ****
make -j4 all 
arm-none-eabi-size   mpu6050\ accelometer.elf 
   text	   data	    bss	    dec	    hex	filename
  29248	    364	   3644	  33256	   81e8	mpu6050 accelometer.elf
Finished building: default.size.stdout
 
22:31:56 **** Incremental Build of configuration Debug for project mpu6050 accelometer ****
make -j4 all 
arm-none-eabi-size   mpu6050\ accelometer.elf 
   text	   data	    bss	    dec	    hex	filename
  29248	    364	   3644	  33256	   81e8	mpu6050 accelometer.elf
Finished building: default.size.stdout
 
22:32:14 **** Incremental Build of configuration Debug for project mpu6050 accelometer ****
make -j4 all 
arm-none-eabi-size   mpu6050\ accelometer.elf 
   text	   data	    bss	    dec	    hex	filename
  29248	    364	   3644	  33256	   81e8	mpu6050 accelometer.elf
Finished building: default.size.stdout
 
22:32:40 **** Incremental Build of configuration Debug for project mpu6050 accelometer ****
make -j4 all 
arm-none-eabi-size   mpu6050\ accelometer.elf 
   text	   data	    bss	    dec	    hex	filename
  29248	    364	   3644	  33256	   81e8	mpu6050 accelometer.elf
Finished building: default.size.stdout
 
22:34:29 **** Incremental Build of configuration Debug for project mpu6050 accelometer ****
make -j4 all 
arm-none-eabi-gcc "../Core/Src/main.c" -mcpu=cortex-m3 -std=gnu11 -g3 -DDEBUG -DUSE_HAL_DRIVER -DSTM32F103xB -c -I../USB_DEVICE/App -I../USB_DEVICE/Target -I../Core/Inc -I../Drivers/STM32F1xx_HAL_Driver/Inc -I../Drivers/STM32F1xx_HAL_Driver/Inc/Legacy -I../Middlewares/ST/STM32_USB_Device_Library/Core/Inc -I../Middlewares/ST/STM32_USB_Device_Library/Class/HID/Inc -I../Drivers/CMSIS/Device/ST/STM32F1xx/Include -I../Drivers/CMSIS/Include -O0 -ffunction-sections -fdata-sections -Wall -fstack-usage -MMD -MP -MF"Core/Src/main.d" -MT"Core/Src/main.o" --specs=nano.specs -mfloat-abi=soft -mthumb -o "Core/Src/main.o"
../Core/Src/main.c:1:1: error: expected identifier or '(' before numeric constant
    1 | 7/* USER CODE BEGIN Header */
      | ^
In file included from ../Drivers/CMSIS/Device/ST/STM32F1xx/Include/stm32f1xx.h:131,
                 from ../Drivers/STM32F1xx_HAL_Driver/Inc/stm32f1xx_hal_def.h:30,
                 from ../Drivers/STM32F1xx_HAL_Driver/Inc/stm32f1xx_hal_rcc.h:29,
                 from ../Core/Inc/stm32f1xx_hal_conf.h:237,
                 from ../Drivers/STM32F1xx_HAL_Driver/Inc/stm32f1xx_hal.h:30,
                 from ../Core/Inc/main.h:31,
                 from ../Core/Src/main.c:21:
../Drivers/CMSIS/Device/ST/STM32F1xx/Include/stm32f103xb.h:126:3: warning: data definition has no type or storage class
  126 | } IRQn_Type;
      |   ^~~~~~~~~
../Drivers/CMSIS/Device/ST/STM32F1xx/Include/stm32f103xb.h:126:3: warning: type defaults to 'int' in declaration of 'IRQn_Type' [-Wimplicit-int]
In file included from ../Drivers/CMSIS/Device/ST/STM32F1xx/Include/stm32f103xb.h:132,
                 from ../Drivers/CMSIS/Device/ST/STM32F1xx/Include/stm32f1xx.h:131,
                 from ../Drivers/STM32F1xx_HAL_Driver/Inc/stm32f1xx_hal_def.h:30,
                 from ../Drivers/STM32F1xx_HAL_Driver/Inc/stm32f1xx_hal_rcc.h:29,
                 from ../Core/Inc/stm32f1xx_hal_conf.h:237,
                 from ../Drivers/STM32F1xx_HAL_Driver/Inc/stm32f1xx_hal.h:30,
                 from ../Core/Inc/main.h:31,
                 from ../Core/Src/main.c:21:
../Drivers/CMSIS/Include/core_cm3.h:1511:39: error: expected declaration specifiers or '...' before 'IRQn_Type'
 1511 | __STATIC_INLINE void __NVIC_EnableIRQ(IRQn_Type IRQn)
      |                                       ^~~~~~~~~
../Drivers/CMSIS/Include/core_cm3.h:1528:46: error: expected declaration specifiers or '...' before 'IRQn_Type'
 1528 | __STATIC_INLINE uint32_t __NVIC_GetEnableIRQ(IRQn_Type IRQn)
      |                                              ^~~~~~~~~
../Drivers/CMSIS/Include/core_cm3.h:1547:40: error: expected declaration specifiers or '...' before 'IRQn_Type'
 1547 | __STATIC_INLINE void __NVIC_DisableIRQ(IRQn_Type IRQn)
      |                                        ^~~~~~~~~
../Drivers/CMSIS/Include/core_cm3.h:1566:47: error: expected declaration specifiers or '...' before 'IRQn_Type'
 1566 | __STATIC_INLINE uint32_t __NVIC_GetPendingIRQ(IRQn_Type IRQn)
      |                                               ^~~~~~~~~
../Drivers/CMSIS/Include/core_cm3.h:1585:43: error: expected declaration specifiers or '...' before 'IRQn_Type'
 1585 | __STATIC_INLINE void __NVIC_SetPendingIRQ(IRQn_Type IRQn)
      |                                           ^~~~~~~~~
../Drivers/CMSIS/Include/core_cm3.h:1600:45: error: expected declaration specifiers or '...' before 'IRQn_Type'
 1600 | __STATIC_INLINE void __NVIC_ClearPendingIRQ(IRQn_Type IRQn)
      |                                             ^~~~~~~~~
../Drivers/CMSIS/Include/core_cm3.h:1617:43: error: expected declaration specifiers or '...' before 'IRQn_Type'
 1617 | __STATIC_INLINE uint32_t __NVIC_GetActive(IRQn_Type IRQn)
      |                                           ^~~~~~~~~
../Drivers/CMSIS/Include/core_cm3.h:1639:41: error: expected declaration specifiers or '...' before 'IRQn_Type'
 1639 | __STATIC_INLINE void __NVIC_SetPriority(IRQn_Type IRQn, uint32_t priority)
      |                                         ^~~~~~~~~
../Drivers/CMSIS/Include/core_cm3.h:1661:45: error: expected declaration specifiers or '...' before 'IRQn_Type'
 1661 | __STATIC_INLINE uint32_t __NVIC_GetPriority(IRQn_Type IRQn)
      |                                             ^~~~~~~~~
../Drivers/CMSIS/Include/core_cm3.h:1736:39: error: expected declaration specifiers or '...' before 'IRQn_Type'
 1736 | __STATIC_INLINE void __NVIC_SetVector(IRQn_Type IRQn, uint32_t vector)
      |                                       ^~~~~~~~~
../Drivers/CMSIS/Include/core_cm3.h:1751:43: error: expected declaration specifiers or '...' before 'IRQn_Type'
 1751 | __STATIC_INLINE uint32_t __NVIC_GetVector(IRQn_Type IRQn)
      |                                           ^~~~~~~~~
../Drivers/CMSIS/Include/core_cm3.h: In function 'SysTick_Config':
../Drivers/CMSIS/Include/core_cm3.h:1447:39: warning: implicit declaration of function '__NVIC_SetPriority'; did you mean 'NVIC_SetPriority'? [-Wimplicit-function-declaration]
 1447 |   #define NVIC_SetPriority            __NVIC_SetPriority
      |                                       ^~~~~~~~~~~~~~~~~~
../Drivers/CMSIS/Include/core_cm3.h:1842:3: note: in expansion of macro 'NVIC_SetPriority'
 1842 |   NVIC_SetPriority (SysTick_IRQn, (1UL << __NVIC_PRIO_BITS) - 1UL); /* set Priority for Systick Interrupt */
      |   ^~~~~~~~~~~~~~~~
../Drivers/CMSIS/Include/core_cm3.h:1842:21: error: 'SysTick_IRQn' undeclared (first use in this function); did you mean 'SysTick_Type'?
 1842 |   NVIC_SetPriority (SysTick_IRQn, (1UL << __NVIC_PRIO_BITS) - 1UL); /* set Priority for Systick Interrupt */
      |                     ^~~~~~~~~~~~
      |                     SysTick_Type
../Drivers/CMSIS/Include/core_cm3.h:1842:21: note: each undeclared identifier is reported only once for each function it appears in
In file included from ../Core/Inc/stm32f1xx_hal_conf.h:269,
                 from ../Drivers/STM32F1xx_HAL_Driver/Inc/stm32f1xx_hal.h:30,
                 from ../Core/Inc/main.h:31,
                 from ../Core/Src/main.c:21:
../Drivers/STM32F1xx_HAL_Driver/Inc/stm32f1xx_hal_cortex.h: At top level:
../Drivers/STM32F1xx_HAL_Driver/Inc/stm32f1xx_hal_cortex.h:263:27: error: expected declaration specifiers or '...' before 'IRQn_Type'
  263 | void HAL_NVIC_SetPriority(IRQn_Type IRQn, uint32_t PreemptPriority, uint32_t SubPriority);
      |                           ^~~~~~~~~
../Drivers/STM32F1xx_HAL_Driver/Inc/stm32f1xx_hal_cortex.h:264:25: error: expected declaration specifiers or '...' before 'IRQn_Type'
  264 | void HAL_NVIC_EnableIRQ(IRQn_Type IRQn);
      |                         ^~~~~~~~~
../Drivers/STM32F1xx_HAL_Driver/Inc/stm32f1xx_hal_cortex.h:265:26: error: expected declaration specifiers or '...' before 'IRQn_Type'
  265 | void HAL_NVIC_DisableIRQ(IRQn_Type IRQn);
      |                          ^~~~~~~~~
../Drivers/STM32F1xx_HAL_Driver/Inc/stm32f1xx_hal_cortex.h:277:27: error: expected declaration specifiers or '...' before 'IRQn_Type'
  277 | void HAL_NVIC_GetPriority(IRQn_Type IRQn, uint32_t PriorityGroup, uint32_t* pPreemptPriority, uint32_t* pSubPriority);
      |                           ^~~~~~~~~
../Drivers/STM32F1xx_HAL_Driver/Inc/stm32f1xx_hal_cortex.h:278:33: error: expected declaration specifiers or '...' before 'IRQn_Type'
  278 | uint32_t HAL_NVIC_GetPendingIRQ(IRQn_Type IRQn);
      |                                 ^~~~~~~~~
../Drivers/STM32F1xx_HAL_Driver/Inc/stm32f1xx_hal_cortex.h:279:29: error: expected declaration specifiers or '...' before 'IRQn_Type'
  279 | void HAL_NVIC_SetPendingIRQ(IRQn_Type IRQn);
      |                             ^~~~~~~~~
../Drivers/STM32F1xx_HAL_Driver/Inc/stm32f1xx_hal_cortex.h:280:31: error: expected declaration specifiers or '...' before 'IRQn_Type'
  280 | void HAL_NVIC_ClearPendingIRQ(IRQn_Type IRQn);
      |                               ^~~~~~~~~
../Drivers/STM32F1xx_HAL_Driver/Inc/stm32f1xx_hal_cortex.h:281:29: error: expected declaration specifiers or '...' before 'IRQn_Type'
  281 | uint32_t HAL_NVIC_GetActive(IRQn_Type IRQn);
      |                             ^~~~~~~~~
../Core/Src/main.c: In function 'main':
../Core/Src/main.c:253:39: warning: passing argument 2 of 'USBD_HID_SendReport' from incompatible pointer type [-Wincompatible-pointer-types]
  253 |    USBD_HID_SendReport(&hUsbDeviceFS, &mousehid, sizeof (mousehid));
      |                                       ^~~~~~~~~
      |                                       |
      |                                       mouseHID * {aka struct <anonymous> *}
In file included from ../Core/Src/main.c:26:
../Middlewares/ST/STM32_USB_Device_Library/Class/HID/Inc/usbd_hid.h:122:38: note: expected 'uint8_t *' {aka 'unsigned char *'} but argument is of type 'mouseHID *' {aka 'struct <anonymous> *'}
  122 |                             uint8_t *report,
      |                             ~~~~~~~~~^~~~~~
../Core/Src/main.c:257:38: warning: passing argument 2 of 'USBD_HID_SendReport' from incompatible pointer type [-Wincompatible-pointer-types]
  257 |   USBD_HID_SendReport(&hUsbDeviceFS, &mousehid, sizeof (mousehid));
      |                                      ^~~~~~~~~
      |                                      |
      |                                      mouseHID * {aka struct <anonymous> *}
In file included from ../Core/Src/main.c:26:
../Middlewares/ST/STM32_USB_Device_Library/Class/HID/Inc/usbd_hid.h:122:38: note: expected 'uint8_t *' {aka 'unsigned char *'} but argument is of type 'mouseHID *' {aka 'struct <anonymous> *'}
  122 |                             uint8_t *report,
      |                             ~~~~~~~~~^~~~~~
../Core/Src/main.c: In function 'MX_GPIO_Init':
../Core/Src/main.c:376:3: warning: implicit declaration of function 'HAL_NVIC_SetPriority'; did you mean 'NVIC_SetPriority'? [-Wimplicit-function-declaration]
  376 |   HAL_NVIC_SetPriority(EXTI9_5_IRQn, 0, 0);
      |   ^~~~~~~~~~~~~~~~~~~~
      |   NVIC_SetPriority
../Core/Src/main.c:376:24: error: 'EXTI9_5_IRQn' undeclared (first use in this function)
  376 |   HAL_NVIC_SetPriority(EXTI9_5_IRQn, 0, 0);
      |                        ^~~~~~~~~~~~
../Core/Src/main.c:377:3: warning: implicit declaration of function 'HAL_NVIC_EnableIRQ'; did you mean 'NVIC_EnableIRQ'? [-Wimplicit-function-declaration]
  377 |   HAL_NVIC_EnableIRQ(EXTI9_5_IRQn);
      |   ^~~~~~~~~~~~~~~~~~
      |   NVIC_EnableIRQ
make: *** [Core/Src/subdir.mk:34: Core/Src/main.o] Error 1
"make -j4 all" terminated with exit code 2. Build might be incomplete.
22:34:56 **** Incremental Build of configuration Debug for project mpu6050 accelometer ****
make -j4 all 
arm-none-eabi-gcc "../Core/Src/main.c" -mcpu=cortex-m3 -std=gnu11 -g3 -DDEBUG -DUSE_HAL_DRIVER -DSTM32F103xB -c -I../USB_DEVICE/App -I../USB_DEVICE/Target -I../Core/Inc -I../Drivers/STM32F1xx_HAL_Driver/Inc -I../Drivers/STM32F1xx_HAL_Driver/Inc/Legacy -I../Middlewares/ST/STM32_USB_Device_Library/Core/Inc -I../Middlewares/ST/STM32_USB_Device_Library/Class/HID/Inc -I../Drivers/CMSIS/Device/ST/STM32F1xx/Include -I../Drivers/CMSIS/Include -O0 -ffunction-sections -fdata-sections -Wall -fstack-usage -MMD -MP -MF"Core/Src/main.d" -MT"Core/Src/main.o" --specs=nano.specs -mfloat-abi=soft -mthumb -o "Core/Src/main.o"
../Core/Src/main.c:1:1: error: expected identifier or '(' before numeric constant
    1 | 7/* USER CODE BEGIN Header */
      | ^
In file included from ../Drivers/CMSIS/Device/ST/STM32F1xx/Include/stm32f1xx.h:131,
                 from ../Drivers/STM32F1xx_HAL_Driver/Inc/stm32f1xx_hal_def.h:30,
                 from ../Drivers/STM32F1xx_HAL_Driver/Inc/stm32f1xx_hal_rcc.h:29,
                 from ../Core/Inc/stm32f1xx_hal_conf.h:237,
                 from ../Drivers/STM32F1xx_HAL_Driver/Inc/stm32f1xx_hal.h:30,
                 from ../Core/Inc/main.h:31,
                 from ../Core/Src/main.c:21:
../Drivers/CMSIS/Device/ST/STM32F1xx/Include/stm32f103xb.h:126:3: warning: data definition has no type or storage class
  126 | } IRQn_Type;
      |   ^~~~~~~~~
../Drivers/CMSIS/Device/ST/STM32F1xx/Include/stm32f103xb.h:126:3: warning: type defaults to 'int' in declaration of 'IRQn_Type' [-Wimplicit-int]
In file included from ../Drivers/CMSIS/Device/ST/STM32F1xx/Include/stm32f103xb.h:132,
                 from ../Drivers/CMSIS/Device/ST/STM32F1xx/Include/stm32f1xx.h:131,
                 from ../Drivers/STM32F1xx_HAL_Driver/Inc/stm32f1xx_hal_def.h:30,
                 from ../Drivers/STM32F1xx_HAL_Driver/Inc/stm32f1xx_hal_rcc.h:29,
                 from ../Core/Inc/stm32f1xx_hal_conf.h:237,
                 from ../Drivers/STM32F1xx_HAL_Driver/Inc/stm32f1xx_hal.h:30,
                 from ../Core/Inc/main.h:31,
                 from ../Core/Src/main.c:21:
../Drivers/CMSIS/Include/core_cm3.h:1511:39: error: expected declaration specifiers or '...' before 'IRQn_Type'
 1511 | __STATIC_INLINE void __NVIC_EnableIRQ(IRQn_Type IRQn)
      |                                       ^~~~~~~~~
../Drivers/CMSIS/Include/core_cm3.h:1528:46: error: expected declaration specifiers or '...' before 'IRQn_Type'
 1528 | __STATIC_INLINE uint32_t __NVIC_GetEnableIRQ(IRQn_Type IRQn)
      |                                              ^~~~~~~~~
../Drivers/CMSIS/Include/core_cm3.h:1547:40: error: expected declaration specifiers or '...' before 'IRQn_Type'
 1547 | __STATIC_INLINE void __NVIC_DisableIRQ(IRQn_Type IRQn)
      |                                        ^~~~~~~~~
../Drivers/CMSIS/Include/core_cm3.h:1566:47: error: expected declaration specifiers or '...' before 'IRQn_Type'
 1566 | __STATIC_INLINE uint32_t __NVIC_GetPendingIRQ(IRQn_Type IRQn)
      |                                               ^~~~~~~~~
../Drivers/CMSIS/Include/core_cm3.h:1585:43: error: expected declaration specifiers or '...' before 'IRQn_Type'
 1585 | __STATIC_INLINE void __NVIC_SetPendingIRQ(IRQn_Type IRQn)
      |                                           ^~~~~~~~~
../Drivers/CMSIS/Include/core_cm3.h:1600:45: error: expected declaration specifiers or '...' before 'IRQn_Type'
 1600 | __STATIC_INLINE void __NVIC_ClearPendingIRQ(IRQn_Type IRQn)
      |                                             ^~~~~~~~~
../Drivers/CMSIS/Include/core_cm3.h:1617:43: error: expected declaration specifiers or '...' before 'IRQn_Type'
 1617 | __STATIC_INLINE uint32_t __NVIC_GetActive(IRQn_Type IRQn)
      |                                           ^~~~~~~~~
../Drivers/CMSIS/Include/core_cm3.h:1639:41: error: expected declaration specifiers or '...' before 'IRQn_Type'
 1639 | __STATIC_INLINE void __NVIC_SetPriority(IRQn_Type IRQn, uint32_t priority)
      |                                         ^~~~~~~~~
../Drivers/CMSIS/Include/core_cm3.h:1661:45: error: expected declaration specifiers or '...' before 'IRQn_Type'
 1661 | __STATIC_INLINE uint32_t __NVIC_GetPriority(IRQn_Type IRQn)
      |                                             ^~~~~~~~~
../Drivers/CMSIS/Include/core_cm3.h:1736:39: error: expected declaration specifiers or '...' before 'IRQn_Type'
 1736 | __STATIC_INLINE void __NVIC_SetVector(IRQn_Type IRQn, uint32_t vector)
      |                                       ^~~~~~~~~
../Drivers/CMSIS/Include/core_cm3.h:1751:43: error: expected declaration specifiers or '...' before 'IRQn_Type'
 1751 | __STATIC_INLINE uint32_t __NVIC_GetVector(IRQn_Type IRQn)
      |                                           ^~~~~~~~~
../Drivers/CMSIS/Include/core_cm3.h: In function 'SysTick_Config':
../Drivers/CMSIS/Include/core_cm3.h:1447:39: warning: implicit declaration of function '__NVIC_SetPriority'; did you mean 'NVIC_SetPriority'? [-Wimplicit-function-declaration]
 1447 |   #define NVIC_SetPriority            __NVIC_SetPriority
      |                                       ^~~~~~~~~~~~~~~~~~
../Drivers/CMSIS/Include/core_cm3.h:1842:3: note: in expansion of macro 'NVIC_SetPriority'
 1842 |   NVIC_SetPriority (SysTick_IRQn, (1UL << __NVIC_PRIO_BITS) - 1UL); /* set Priority for Systick Interrupt */
      |   ^~~~~~~~~~~~~~~~
../Drivers/CMSIS/Include/core_cm3.h:1842:21: error: 'SysTick_IRQn' undeclared (first use in this function); did you mean 'SysTick_Type'?
 1842 |   NVIC_SetPriority (SysTick_IRQn, (1UL << __NVIC_PRIO_BITS) - 1UL); /* set Priority for Systick Interrupt */
      |                     ^~~~~~~~~~~~
      |                     SysTick_Type
../Drivers/CMSIS/Include/core_cm3.h:1842:21: note: each undeclared identifier is reported only once for each function it appears in
In file included from ../Core/Inc/stm32f1xx_hal_conf.h:269,
                 from ../Drivers/STM32F1xx_HAL_Driver/Inc/stm32f1xx_hal.h:30,
                 from ../Core/Inc/main.h:31,
                 from ../Core/Src/main.c:21:
../Drivers/STM32F1xx_HAL_Driver/Inc/stm32f1xx_hal_cortex.h: At top level:
../Drivers/STM32F1xx_HAL_Driver/Inc/stm32f1xx_hal_cortex.h:263:27: error: expected declaration specifiers or '...' before 'IRQn_Type'
  263 | void HAL_NVIC_SetPriority(IRQn_Type IRQn, uint32_t PreemptPriority, uint32_t SubPriority);
      |                           ^~~~~~~~~
../Drivers/STM32F1xx_HAL_Driver/Inc/stm32f1xx_hal_cortex.h:264:25: error: expected declaration specifiers or '...' before 'IRQn_Type'
  264 | void HAL_NVIC_EnableIRQ(IRQn_Type IRQn);
      |                         ^~~~~~~~~
../Drivers/STM32F1xx_HAL_Driver/Inc/stm32f1xx_hal_cortex.h:265:26: error: expected declaration specifiers or '...' before 'IRQn_Type'
  265 | void HAL_NVIC_DisableIRQ(IRQn_Type IRQn);
      |                          ^~~~~~~~~
../Drivers/STM32F1xx_HAL_Driver/Inc/stm32f1xx_hal_cortex.h:277:27: error: expected declaration specifiers or '...' before 'IRQn_Type'
  277 | void HAL_NVIC_GetPriority(IRQn_Type IRQn, uint32_t PriorityGroup, uint32_t* pPreemptPriority, uint32_t* pSubPriority);
      |                           ^~~~~~~~~
../Drivers/STM32F1xx_HAL_Driver/Inc/stm32f1xx_hal_cortex.h:278:33: error: expected declaration specifiers or '...' before 'IRQn_Type'
  278 | uint32_t HAL_NVIC_GetPendingIRQ(IRQn_Type IRQn);
      |                                 ^~~~~~~~~
../Drivers/STM32F1xx_HAL_Driver/Inc/stm32f1xx_hal_cortex.h:279:29: error: expected declaration specifiers or '...' before 'IRQn_Type'
  279 | void HAL_NVIC_SetPendingIRQ(IRQn_Type IRQn);
      |                             ^~~~~~~~~
../Drivers/STM32F1xx_HAL_Driver/Inc/stm32f1xx_hal_cortex.h:280:31: error: expected declaration specifiers or '...' before 'IRQn_Type'
  280 | void HAL_NVIC_ClearPendingIRQ(IRQn_Type IRQn);
      |                               ^~~~~~~~~
../Drivers/STM32F1xx_HAL_Driver/Inc/stm32f1xx_hal_cortex.h:281:29: error: expected declaration specifiers or '...' before 'IRQn_Type'
  281 | uint32_t HAL_NVIC_GetActive(IRQn_Type IRQn);
      |                             ^~~~~~~~~
../Core/Src/main.c: In function 'main':
../Core/Src/main.c:253:39: warning: passing argument 2 of 'USBD_HID_SendReport' from incompatible pointer type [-Wincompatible-pointer-types]
  253 |    USBD_HID_SendReport(&hUsbDeviceFS, &mousehid, sizeof (mousehid));
      |                                       ^~~~~~~~~
      |                                       |
      |                                       mouseHID * {aka struct <anonymous> *}
In file included from ../Core/Src/main.c:26:
../Middlewares/ST/STM32_USB_Device_Library/Class/HID/Inc/usbd_hid.h:122:38: note: expected 'uint8_t *' {aka 'unsigned char *'} but argument is of type 'mouseHID *' {aka 'struct <anonymous> *'}
  122 |                             uint8_t *report,
      |                             ~~~~~~~~~^~~~~~
../Core/Src/main.c:257:38: warning: passing argument 2 of 'USBD_HID_SendReport' from incompatible pointer type [-Wincompatible-pointer-types]
  257 |   USBD_HID_SendReport(&hUsbDeviceFS, &mousehid, sizeof (mousehid));
      |                                      ^~~~~~~~~
      |                                      |
      |                                      mouseHID * {aka struct <anonymous> *}
In file included from ../Core/Src/main.c:26:
../Middlewares/ST/STM32_USB_Device_Library/Class/HID/Inc/usbd_hid.h:122:38: note: expected 'uint8_t *' {aka 'unsigned char *'} but argument is of type 'mouseHID *' {aka 'struct <anonymous> *'}
  122 |                             uint8_t *report,
      |                             ~~~~~~~~~^~~~~~
../Core/Src/main.c: In function 'MX_GPIO_Init':
../Core/Src/main.c:376:3: warning: implicit declaration of function 'HAL_NVIC_SetPriority'; did you mean 'NVIC_SetPriority'? [-Wimplicit-function-declaration]
  376 |   HAL_NVIC_SetPriority(EXTI9_5_IRQn, 0, 0);
      |   ^~~~~~~~~~~~~~~~~~~~
      |   NVIC_SetPriority
../Core/Src/main.c:376:24: error: 'EXTI9_5_IRQn' undeclared (first use in this function)
  376 |   HAL_NVIC_SetPriority(EXTI9_5_IRQn, 0, 0);
      |                        ^~~~~~~~~~~~
../Core/Src/main.c:377:3: warning: implicit declaration of function 'HAL_NVIC_EnableIRQ'; did you mean 'NVIC_EnableIRQ'? [-Wimplicit-function-declaration]
  377 |   HAL_NVIC_EnableIRQ(EXTI9_5_IRQn);
      |   ^~~~~~~~~~~~~~~~~~
      |   NVIC_EnableIRQ
make: *** [Core/Src/subdir.mk:34: Core/Src/main.o] Error 1
"make -j4 all" terminated with exit code 2. Build might be incomplete.
22:38:34 **** Incremental Build of configuration Debug for project mpu6050 accelometer ****
make -j4 all 
arm-none-eabi-gcc "../Core/Src/main.c" -mcpu=cortex-m3 -std=gnu11 -g3 -DDEBUG -DUSE_HAL_DRIVER -DSTM32F103xB -c -I../USB_DEVICE/App -I../USB_DEVICE/Target -I../Core/Inc -I../Drivers/STM32F1xx_HAL_Driver/Inc -I../Drivers/STM32F1xx_HAL_Driver/Inc/Legacy -I../Middlewares/ST/STM32_USB_Device_Library/Core/Inc -I../Middlewares/ST/STM32_USB_Device_Library/Class/HID/Inc -I../Drivers/CMSIS/Device/ST/STM32F1xx/Include -I../Drivers/CMSIS/Include -O0 -ffunction-sections -fdata-sections -Wall -fstack-usage -MMD -MP -MF"Core/Src/main.d" -MT"Core/Src/main.o" --specs=nano.specs -mfloat-abi=soft -mthumb -o "Core/Src/main.o"
../Core/Src/main.c:1:1: error: expected identifier or '(' before numeric constant
    1 | 7/* USER CODE BEGIN Header */
      | ^
In file included from ../Drivers/CMSIS/Device/ST/STM32F1xx/Include/stm32f1xx.h:131,
                 from ../Drivers/STM32F1xx_HAL_Driver/Inc/stm32f1xx_hal_def.h:30,
                 from ../Drivers/STM32F1xx_HAL_Driver/Inc/stm32f1xx_hal_rcc.h:29,
                 from ../Core/Inc/stm32f1xx_hal_conf.h:237,
                 from ../Drivers/STM32F1xx_HAL_Driver/Inc/stm32f1xx_hal.h:30,
                 from ../Core/Inc/main.h:31,
                 from ../Core/Src/main.c:21:
../Drivers/CMSIS/Device/ST/STM32F1xx/Include/stm32f103xb.h:126:3: warning: data definition has no type or storage class
  126 | } IRQn_Type;
      |   ^~~~~~~~~
../Drivers/CMSIS/Device/ST/STM32F1xx/Include/stm32f103xb.h:126:3: warning: type defaults to 'int' in declaration of 'IRQn_Type' [-Wimplicit-int]
In file included from ../Drivers/CMSIS/Device/ST/STM32F1xx/Include/stm32f103xb.h:132,
                 from ../Drivers/CMSIS/Device/ST/STM32F1xx/Include/stm32f1xx.h:131,
                 from ../Drivers/STM32F1xx_HAL_Driver/Inc/stm32f1xx_hal_def.h:30,
                 from ../Drivers/STM32F1xx_HAL_Driver/Inc/stm32f1xx_hal_rcc.h:29,
                 from ../Core/Inc/stm32f1xx_hal_conf.h:237,
                 from ../Drivers/STM32F1xx_HAL_Driver/Inc/stm32f1xx_hal.h:30,
                 from ../Core/Inc/main.h:31,
                 from ../Core/Src/main.c:21:
../Drivers/CMSIS/Include/core_cm3.h:1511:39: error: expected declaration specifiers or '...' before 'IRQn_Type'
 1511 | __STATIC_INLINE void __NVIC_EnableIRQ(IRQn_Type IRQn)
      |                                       ^~~~~~~~~
../Drivers/CMSIS/Include/core_cm3.h:1528:46: error: expected declaration specifiers or '...' before 'IRQn_Type'
 1528 | __STATIC_INLINE uint32_t __NVIC_GetEnableIRQ(IRQn_Type IRQn)
      |                                              ^~~~~~~~~
../Drivers/CMSIS/Include/core_cm3.h:1547:40: error: expected declaration specifiers or '...' before 'IRQn_Type'
 1547 | __STATIC_INLINE void __NVIC_DisableIRQ(IRQn_Type IRQn)
      |                                        ^~~~~~~~~
../Drivers/CMSIS/Include/core_cm3.h:1566:47: error: expected declaration specifiers or '...' before 'IRQn_Type'
 1566 | __STATIC_INLINE uint32_t __NVIC_GetPendingIRQ(IRQn_Type IRQn)
      |                                               ^~~~~~~~~
../Drivers/CMSIS/Include/core_cm3.h:1585:43: error: expected declaration specifiers or '...' before 'IRQn_Type'
 1585 | __STATIC_INLINE void __NVIC_SetPendingIRQ(IRQn_Type IRQn)
      |                                           ^~~~~~~~~
../Drivers/CMSIS/Include/core_cm3.h:1600:45: error: expected declaration specifiers or '...' before 'IRQn_Type'
 1600 | __STATIC_INLINE void __NVIC_ClearPendingIRQ(IRQn_Type IRQn)
      |                                             ^~~~~~~~~
../Drivers/CMSIS/Include/core_cm3.h:1617:43: error: expected declaration specifiers or '...' before 'IRQn_Type'
 1617 | __STATIC_INLINE uint32_t __NVIC_GetActive(IRQn_Type IRQn)
      |                                           ^~~~~~~~~
../Drivers/CMSIS/Include/core_cm3.h:1639:41: error: expected declaration specifiers or '...' before 'IRQn_Type'
 1639 | __STATIC_INLINE void __NVIC_SetPriority(IRQn_Type IRQn, uint32_t priority)
      |                                         ^~~~~~~~~
../Drivers/CMSIS/Include/core_cm3.h:1661:45: error: expected declaration specifiers or '...' before 'IRQn_Type'
 1661 | __STATIC_INLINE uint32_t __NVIC_GetPriority(IRQn_Type IRQn)
      |                                             ^~~~~~~~~
../Drivers/CMSIS/Include/core_cm3.h:1736:39: error: expected declaration specifiers or '...' before 'IRQn_Type'
 1736 | __STATIC_INLINE void __NVIC_SetVector(IRQn_Type IRQn, uint32_t vector)
      |                                       ^~~~~~~~~
../Drivers/CMSIS/Include/core_cm3.h:1751:43: error: expected declaration specifiers or '...' before 'IRQn_Type'
 1751 | __STATIC_INLINE uint32_t __NVIC_GetVector(IRQn_Type IRQn)
      |                                           ^~~~~~~~~
../Drivers/CMSIS/Include/core_cm3.h: In function 'SysTick_Config':
../Drivers/CMSIS/Include/core_cm3.h:1447:39: warning: implicit declaration of function '__NVIC_SetPriority'; did you mean 'NVIC_SetPriority'? [-Wimplicit-function-declaration]
 1447 |   #define NVIC_SetPriority            __NVIC_SetPriority
      |                                       ^~~~~~~~~~~~~~~~~~
../Drivers/CMSIS/Include/core_cm3.h:1842:3: note: in expansion of macro 'NVIC_SetPriority'
 1842 |   NVIC_SetPriority (SysTick_IRQn, (1UL << __NVIC_PRIO_BITS) - 1UL); /* set Priority for Systick Interrupt */
      |   ^~~~~~~~~~~~~~~~
../Drivers/CMSIS/Include/core_cm3.h:1842:21: error: 'SysTick_IRQn' undeclared (first use in this function); did you mean 'SysTick_Type'?
 1842 |   NVIC_SetPriority (SysTick_IRQn, (1UL << __NVIC_PRIO_BITS) - 1UL); /* set Priority for Systick Interrupt */
      |                     ^~~~~~~~~~~~
      |                     SysTick_Type
../Drivers/CMSIS/Include/core_cm3.h:1842:21: note: each undeclared identifier is reported only once for each function it appears in
In file included from ../Core/Inc/stm32f1xx_hal_conf.h:269,
                 from ../Drivers/STM32F1xx_HAL_Driver/Inc/stm32f1xx_hal.h:30,
                 from ../Core/Inc/main.h:31,
                 from ../Core/Src/main.c:21:
../Drivers/STM32F1xx_HAL_Driver/Inc/stm32f1xx_hal_cortex.h: At top level:
../Drivers/STM32F1xx_HAL_Driver/Inc/stm32f1xx_hal_cortex.h:263:27: error: expected declaration specifiers or '...' before 'IRQn_Type'
  263 | void HAL_NVIC_SetPriority(IRQn_Type IRQn, uint32_t PreemptPriority, uint32_t SubPriority);
      |                           ^~~~~~~~~
../Drivers/STM32F1xx_HAL_Driver/Inc/stm32f1xx_hal_cortex.h:264:25: error: expected declaration specifiers or '...' before 'IRQn_Type'
  264 | void HAL_NVIC_EnableIRQ(IRQn_Type IRQn);
      |                         ^~~~~~~~~
../Drivers/STM32F1xx_HAL_Driver/Inc/stm32f1xx_hal_cortex.h:265:26: error: expected declaration specifiers or '...' before 'IRQn_Type'
  265 | void HAL_NVIC_DisableIRQ(IRQn_Type IRQn);
      |                          ^~~~~~~~~
../Drivers/STM32F1xx_HAL_Driver/Inc/stm32f1xx_hal_cortex.h:277:27: error: expected declaration specifiers or '...' before 'IRQn_Type'
  277 | void HAL_NVIC_GetPriority(IRQn_Type IRQn, uint32_t PriorityGroup, uint32_t* pPreemptPriority, uint32_t* pSubPriority);
      |                           ^~~~~~~~~
../Drivers/STM32F1xx_HAL_Driver/Inc/stm32f1xx_hal_cortex.h:278:33: error: expected declaration specifiers or '...' before 'IRQn_Type'
  278 | uint32_t HAL_NVIC_GetPendingIRQ(IRQn_Type IRQn);
      |                                 ^~~~~~~~~
../Drivers/STM32F1xx_HAL_Driver/Inc/stm32f1xx_hal_cortex.h:279:29: error: expected declaration specifiers or '...' before 'IRQn_Type'
  279 | void HAL_NVIC_SetPendingIRQ(IRQn_Type IRQn);
      |                             ^~~~~~~~~
../Drivers/STM32F1xx_HAL_Driver/Inc/stm32f1xx_hal_cortex.h:280:31: error: expected declaration specifiers or '...' before 'IRQn_Type'
  280 | void HAL_NVIC_ClearPendingIRQ(IRQn_Type IRQn);
      |                               ^~~~~~~~~
../Drivers/STM32F1xx_HAL_Driver/Inc/stm32f1xx_hal_cortex.h:281:29: error: expected declaration specifiers or '...' before 'IRQn_Type'
  281 | uint32_t HAL_NVIC_GetActive(IRQn_Type IRQn);
      |                             ^~~~~~~~~
../Core/Src/main.c: In function 'main':
../Core/Src/main.c:253:39: warning: passing argument 2 of 'USBD_HID_SendReport' from incompatible pointer type [-Wincompatible-pointer-types]
  253 |    USBD_HID_SendReport(&hUsbDeviceFS, &mousehid, sizeof (mousehid));
      |                                       ^~~~~~~~~
      |                                       |
      |                                       mouseHID * {aka struct <anonymous> *}
In file included from ../Core/Src/main.c:26:
../Middlewares/ST/STM32_USB_Device_Library/Class/HID/Inc/usbd_hid.h:122:38: note: expected 'uint8_t *' {aka 'unsigned char *'} but argument is of type 'mouseHID *' {aka 'struct <anonymous> *'}
  122 |                             uint8_t *report,
      |                             ~~~~~~~~~^~~~~~
../Core/Src/main.c:257:38: warning: passing argument 2 of 'USBD_HID_SendReport' from incompatible pointer type [-Wincompatible-pointer-types]
  257 |   USBD_HID_SendReport(&hUsbDeviceFS, &mousehid, sizeof (mousehid));
      |                                      ^~~~~~~~~
      |                                      |
      |                                      mouseHID * {aka struct <anonymous> *}
In file included from ../Core/Src/main.c:26:
../Middlewares/ST/STM32_USB_Device_Library/Class/HID/Inc/usbd_hid.h:122:38: note: expected 'uint8_t *' {aka 'unsigned char *'} but argument is of type 'mouseHID *' {aka 'struct <anonymous> *'}
  122 |                             uint8_t *report,
      |                             ~~~~~~~~~^~~~~~
../Core/Src/main.c: In function 'MX_GPIO_Init':
../Core/Src/main.c:376:3: warning: implicit declaration of function 'HAL_NVIC_SetPriority'; did you mean 'NVIC_SetPriority'? [-Wimplicit-function-declaration]
  376 |   HAL_NVIC_SetPriority(EXTI9_5_IRQn, 0, 0);
      |   ^~~~~~~~~~~~~~~~~~~~
      |   NVIC_SetPriority
../Core/Src/main.c:376:24: error: 'EXTI9_5_IRQn' undeclared (first use in this function)
  376 |   HAL_NVIC_SetPriority(EXTI9_5_IRQn, 0, 0);
      |                        ^~~~~~~~~~~~
../Core/Src/main.c:377:3: warning: implicit declaration of function 'HAL_NVIC_EnableIRQ'; did you mean 'NVIC_EnableIRQ'? [-Wimplicit-function-declaration]
  377 |   HAL_NVIC_EnableIRQ(EXTI9_5_IRQn);
      |   ^~~~~~~~~~~~~~~~~~
      |   NVIC_EnableIRQ
make: *** [Core/Src/subdir.mk:34: Core/Src/main.o] Error 1
"make -j4 all" terminated with exit code 2. Build might be incomplete.
22:41:23 **** Incremental Build of configuration Debug for project mpu6050 accelometer ****
make -j4 all 
arm-none-eabi-gcc "../Core/Src/main.c" -mcpu=cortex-m3 -std=gnu11 -g3 -DDEBUG -DUSE_HAL_DRIVER -DSTM32F103xB -c -I../USB_DEVICE/App -I../USB_DEVICE/Target -I../Core/Inc -I../Drivers/STM32F1xx_HAL_Driver/Inc -I../Drivers/STM32F1xx_HAL_Driver/Inc/Legacy -I../Middlewares/ST/STM32_USB_Device_Library/Core/Inc -I../Middlewares/ST/STM32_USB_Device_Library/Class/HID/Inc -I../Drivers/CMSIS/Device/ST/STM32F1xx/Include -I../Drivers/CMSIS/Include -O0 -ffunction-sections -fdata-sections -Wall -fstack-usage -MMD -MP -MF"Core/Src/main.d" -MT"Core/Src/main.o" --specs=nano.specs -mfloat-abi=soft -mthumb -o "Core/Src/main.o"
../Core/Src/main.c: In function 'main':
../Core/Src/main.c:253:39: warning: passing argument 2 of 'USBD_HID_SendReport' from incompatible pointer type [-Wincompatible-pointer-types]
  253 |    USBD_HID_SendReport(&hUsbDeviceFS, &mousehid, sizeof (mousehid));
      |                                       ^~~~~~~~~
      |                                       |
      |                                       mouseHID * {aka struct <anonymous> *}
In file included from ../Core/Src/main.c:26:
../Middlewares/ST/STM32_USB_Device_Library/Class/HID/Inc/usbd_hid.h:122:38: note: expected 'uint8_t *' {aka 'unsigned char *'} but argument is of type 'mouseHID *' {aka 'struct <anonymous> *'}
  122 |                             uint8_t *report,
      |                             ~~~~~~~~~^~~~~~
../Core/Src/main.c:257:38: warning: passing argument 2 of 'USBD_HID_SendReport' from incompatible pointer type [-Wincompatible-pointer-types]
  257 |   USBD_HID_SendReport(&hUsbDeviceFS, &mousehid, sizeof (mousehid));
      |                                      ^~~~~~~~~
      |                                      |
      |                                      mouseHID * {aka struct <anonymous> *}
In file included from ../Core/Src/main.c:26:
../Middlewares/ST/STM32_USB_Device_Library/Class/HID/Inc/usbd_hid.h:122:38: note: expected 'uint8_t *' {aka 'unsigned char *'} but argument is of type 'mouseHID *' {aka 'struct <anonymous> *'}
  122 |                             uint8_t *report,
      |                             ~~~~~~~~~^~~~~~
arm-none-eabi-gcc -o "mpu6050 accelometer.elf" @"objects.list"   -mcpu=cortex-m3 -T"C:\Users\Beyza\Desktop\2021 Fall\SDP\mpu6050 accelometer\mpu6050 accelometer\mpu6050 accelometer\STM32F103C8TX_FLASH.ld" --specs=nosys.specs -Wl,-Map="mpu6050 accelometer.map" -Wl,--gc-sections -static --specs=nano.specs -mfloat-abi=soft -mthumb -Wl,--start-group -lc -lm -Wl,--end-group
Finished building target: mpu6050 accelometer.elf
 
arm-none-eabi-size   mpu6050\ accelometer.elf 
arm-none-eabi-objdump -h -S  mpu6050\ accelometer.elf  > "mpu6050 accelometer.list"
arm-none-eabi-objcopy  -O binary  mpu6050\ accelometer.elf  "mpu6050 accelometer.bin"
   text	   data	    bss	    dec	    hex	filename
  36524	    364	   3700	  40588	   9e8c	mpu6050 accelometer.elf
Finished building: default.size.stdout
 
Finished building: mpu6050 accelometer.bin
 
Finished building: mpu6050 accelometer.list
 
22:43:15 **** Incremental Build of configuration Debug for project mpu6050 accelometer ****
make -j4 all 
arm-none-eabi-gcc "../Core/Src/main.c" -mcpu=cortex-m3 -std=gnu11 -g3 -DDEBUG -DUSE_HAL_DRIVER -DSTM32F103xB -c -I../USB_DEVICE/App -I../USB_DEVICE/Target -I../Core/Inc -I../Drivers/STM32F1xx_HAL_Driver/Inc -I../Drivers/STM32F1xx_HAL_Driver/Inc/Legacy -I../Middlewares/ST/STM32_USB_Device_Library/Core/Inc -I../Middlewares/ST/STM32_USB_Device_Library/Class/HID/Inc -I../Drivers/CMSIS/Device/ST/STM32F1xx/Include -I../Drivers/CMSIS/Include -O0 -ffunction-sections -fdata-sections -Wall -fstack-usage -MMD -MP -MF"Core/Src/main.d" -MT"Core/Src/main.o" --specs=nano.specs -mfloat-abi=soft -mthumb -o "Core/Src/main.o"
../Core/Src/main.c: In function 'main':
../Core/Src/main.c:253:39: warning: passing argument 2 of 'USBD_HID_SendReport' from incompatible pointer type [-Wincompatible-pointer-types]
  253 |    USBD_HID_SendReport(&hUsbDeviceFS, &mousehid, sizeof (mousehid));
      |                                       ^~~~~~~~~
      |                                       |
      |                                       mouseHID * {aka struct <anonymous> *}
In file included from ../Core/Src/main.c:26:
../Middlewares/ST/STM32_USB_Device_Library/Class/HID/Inc/usbd_hid.h:122:38: note: expected 'uint8_t *' {aka 'unsigned char *'} but argument is of type 'mouseHID *' {aka 'struct <anonymous> *'}
  122 |                             uint8_t *report,
      |                             ~~~~~~~~~^~~~~~
../Core/Src/main.c:257:38: warning: passing argument 2 of 'USBD_HID_SendReport' from incompatible pointer type [-Wincompatible-pointer-types]
  257 |   USBD_HID_SendReport(&hUsbDeviceFS, &mousehid, sizeof (mousehid));
      |                                      ^~~~~~~~~
      |                                      |
      |                                      mouseHID * {aka struct <anonymous> *}
In file included from ../Core/Src/main.c:26:
../Middlewares/ST/STM32_USB_Device_Library/Class/HID/Inc/usbd_hid.h:122:38: note: expected 'uint8_t *' {aka 'unsigned char *'} but argument is of type 'mouseHID *' {aka 'struct <anonymous> *'}
  122 |                             uint8_t *report,
      |                             ~~~~~~~~~^~~~~~
arm-none-eabi-gcc -o "mpu6050 accelometer.elf" @"objects.list"   -mcpu=cortex-m3 -T"C:\Users\Beyza\Desktop\2021 Fall\SDP\mpu6050 accelometer\mpu6050 accelometer\mpu6050 accelometer\STM32F103C8TX_FLASH.ld" --specs=nosys.specs -Wl,-Map="mpu6050 accelometer.map" -Wl,--gc-sections -static --specs=nano.specs -mfloat-abi=soft -mthumb -Wl,--start-group -lc -lm -Wl,--end-group
Finished building target: mpu6050 accelometer.elf
 
arm-none-eabi-size   mpu6050\ accelometer.elf 
arm-none-eabi-objdump -h -S  mpu6050\ accelometer.elf  > "mpu6050 accelometer.list"
arm-none-eabi-objcopy  -O binary  mpu6050\ accelometer.elf  "mpu6050 accelometer.bin"
   text	   data	    bss	    dec	    hex	filename
  35976	    364	   3700	  40040	   9c68	mpu6050 accelometer.elf
Finished building: default.size.stdout
 
Finished building: mpu6050 accelometer.bin
 
Finished building: mpu6050 accelometer.list
 
22:45:40 **** Incremental Build of configuration Debug for project mpu6050 accelometer ****
make -j4 all 
arm-none-eabi-gcc "../Core/Src/main.c" -mcpu=cortex-m3 -std=gnu11 -g3 -DDEBUG -DUSE_HAL_DRIVER -DSTM32F103xB -c -I../USB_DEVICE/App -I../USB_DEVICE/Target -I../Core/Inc -I../Drivers/STM32F1xx_HAL_Driver/Inc -I../Drivers/STM32F1xx_HAL_Driver/Inc/Legacy -I../Middlewares/ST/STM32_USB_Device_Library/Core/Inc -I../Middlewares/ST/STM32_USB_Device_Library/Class/HID/Inc -I../Drivers/CMSIS/Device/ST/STM32F1xx/Include -I../Drivers/CMSIS/Include -O0 -ffunction-sections -fdata-sections -Wall -fstack-usage -MMD -MP -MF"Core/Src/main.d" -MT"Core/Src/main.o" --specs=nano.specs -mfloat-abi=soft -mthumb -o "Core/Src/main.o"
../Core/Src/main.c: In function 'main':
../Core/Src/main.c:253:39: warning: passing argument 2 of 'USBD_HID_SendReport' from incompatible pointer type [-Wincompatible-pointer-types]
  253 |    USBD_HID_SendReport(&hUsbDeviceFS, &mousehid, sizeof (mousehid));
      |                                       ^~~~~~~~~
      |                                       |
      |                                       mouseHID * {aka struct <anonymous> *}
In file included from ../Core/Src/main.c:26:
../Middlewares/ST/STM32_USB_Device_Library/Class/HID/Inc/usbd_hid.h:122:38: note: expected 'uint8_t *' {aka 'unsigned char *'} but argument is of type 'mouseHID *' {aka 'struct <anonymous> *'}
  122 |                             uint8_t *report,
      |                             ~~~~~~~~~^~~~~~
../Core/Src/main.c:257:38: warning: passing argument 2 of 'USBD_HID_SendReport' from incompatible pointer type [-Wincompatible-pointer-types]
  257 |   USBD_HID_SendReport(&hUsbDeviceFS, &mousehid, sizeof (mousehid));
      |                                      ^~~~~~~~~
      |                                      |
      |                                      mouseHID * {aka struct <anonymous> *}
In file included from ../Core/Src/main.c:26:
../Middlewares/ST/STM32_USB_Device_Library/Class/HID/Inc/usbd_hid.h:122:38: note: expected 'uint8_t *' {aka 'unsigned char *'} but argument is of type 'mouseHID *' {aka 'struct <anonymous> *'}
  122 |                             uint8_t *report,
      |                             ~~~~~~~~~^~~~~~
arm-none-eabi-gcc -o "mpu6050 accelometer.elf" @"objects.list"   -mcpu=cortex-m3 -T"C:\Users\Beyza\Desktop\2021 Fall\SDP\mpu6050 accelometer\mpu6050 accelometer\mpu6050 accelometer\STM32F103C8TX_FLASH.ld" --specs=nosys.specs -Wl,-Map="mpu6050 accelometer.map" -Wl,--gc-sections -static --specs=nano.specs -mfloat-abi=soft -mthumb -Wl,--start-group -lc -lm -Wl,--end-group
Finished building target: mpu6050 accelometer.elf
 
arm-none-eabi-size   mpu6050\ accelometer.elf 
arm-none-eabi-objdump -h -S  mpu6050\ accelometer.elf  > "mpu6050 accelometer.list"
arm-none-eabi-objcopy  -O binary  mpu6050\ accelometer.elf  "mpu6050 accelometer.bin"
   text	   data	    bss	    dec	    hex	filename
  35980	    364	   3700	  40044	   9c6c	mpu6050 accelometer.elf
Finished building: default.size.stdout
 
Finished building: mpu6050 accelometer.bin
 
Finished building: mpu6050 accelometer.list
 
22:49:12 **** Incremental Build of configuration Debug for project mpu6050 accelometer ****
make -j4 all 
arm-none-eabi-gcc "../Core/Src/main.c" -mcpu=cortex-m3 -std=gnu11 -g3 -DDEBUG -DUSE_HAL_DRIVER -DSTM32F103xB -c -I../USB_DEVICE/App -I../USB_DEVICE/Target -I../Core/Inc -I../Drivers/STM32F1xx_HAL_Driver/Inc -I../Drivers/STM32F1xx_HAL_Driver/Inc/Legacy -I../Middlewares/ST/STM32_USB_Device_Library/Core/Inc -I../Middlewares/ST/STM32_USB_Device_Library/Class/HID/Inc -I../Drivers/CMSIS/Device/ST/STM32F1xx/Include -I../Drivers/CMSIS/Include -O0 -ffunction-sections -fdata-sections -Wall -fstack-usage -MMD -MP -MF"Core/Src/main.d" -MT"Core/Src/main.o" --specs=nano.specs -mfloat-abi=soft -mthumb -o "Core/Src/main.o"
../Core/Src/main.c: In function 'main':
../Core/Src/main.c:253:39: warning: passing argument 2 of 'USBD_HID_SendReport' from incompatible pointer type [-Wincompatible-pointer-types]
  253 |    USBD_HID_SendReport(&hUsbDeviceFS, &mousehid, sizeof (mousehid));
      |                                       ^~~~~~~~~
      |                                       |
      |                                       mouseHID * {aka struct <anonymous> *}
In file included from ../Core/Src/main.c:26:
../Middlewares/ST/STM32_USB_Device_Library/Class/HID/Inc/usbd_hid.h:122:38: note: expected 'uint8_t *' {aka 'unsigned char *'} but argument is of type 'mouseHID *' {aka 'struct <anonymous> *'}
  122 |                             uint8_t *report,
      |                             ~~~~~~~~~^~~~~~
../Core/Src/main.c:257:38: warning: passing argument 2 of 'USBD_HID_SendReport' from incompatible pointer type [-Wincompatible-pointer-types]
  257 |   USBD_HID_SendReport(&hUsbDeviceFS, &mousehid, sizeof (mousehid));
      |                                      ^~~~~~~~~
      |                                      |
      |                                      mouseHID * {aka struct <anonymous> *}
In file included from ../Core/Src/main.c:26:
../Middlewares/ST/STM32_USB_Device_Library/Class/HID/Inc/usbd_hid.h:122:38: note: expected 'uint8_t *' {aka 'unsigned char *'} but argument is of type 'mouseHID *' {aka 'struct <anonymous> *'}
  122 |                             uint8_t *report,
      |                             ~~~~~~~~~^~~~~~
arm-none-eabi-gcc -o "mpu6050 accelometer.elf" @"objects.list"   -mcpu=cortex-m3 -T"C:\Users\Beyza\Desktop\2021 Fall\SDP\mpu6050 accelometer\mpu6050 accelometer\mpu6050 accelometer\STM32F103C8TX_FLASH.ld" --specs=nosys.specs -Wl,-Map="mpu6050 accelometer.map" -Wl,--gc-sections -static --specs=nano.specs -mfloat-abi=soft -mthumb -Wl,--start-group -lc -lm -Wl,--end-group
Finished building target: mpu6050 accelometer.elf
 
arm-none-eabi-size   mpu6050\ accelometer.elf 
arm-none-eabi-objdump -h -S  mpu6050\ accelometer.elf  > "mpu6050 accelometer.list"
arm-none-eabi-objcopy  -O binary  mpu6050\ accelometer.elf  "mpu6050 accelometer.bin"
   text	   data	    bss	    dec	    hex	filename
  35980	    364	   3700	  40044	   9c6c	mpu6050 accelometer.elf
Finished building: default.size.stdout
 
Finished building: mpu6050 accelometer.bin
 
Finished building: mpu6050 accelometer.list
 
11:00:17 **** Build of configuration Debug for project mpu6050 accelometer ****
make -j4 all 
arm-none-eabi-gcc "../USB_DEVICE/Target/usbd_conf.c" -mcpu=cortex-m3 -std=gnu11 -g3 -DDEBUG -DUSE_HAL_DRIVER -DSTM32F103xB -c -I../USB_DEVICE/App -I../USB_DEVICE/Target -I../Core/Inc -I../Drivers/STM32F1xx_HAL_Driver/Inc -I../Drivers/STM32F1xx_HAL_Driver/Inc/Legacy -I../Middlewares/ST/STM32_USB_Device_Library/Core/Inc -I../Middlewares/ST/STM32_USB_Device_Library/Class/HID/Inc -I../Drivers/CMSIS/Device/ST/STM32F1xx/Include -I../Drivers/CMSIS/Include -O0 -ffunction-sections -fdata-sections -Wall -fstack-usage -MMD -MP -MF"USB_DEVICE/Target/usbd_conf.d" -MT"USB_DEVICE/Target/usbd_conf.o" --specs=nano.specs -mfloat-abi=soft -mthumb -o "USB_DEVICE/Target/usbd_conf.o"
arm-none-eabi-gcc "../USB_DEVICE/App/usb_device.c" -mcpu=cortex-m3 -std=gnu11 -g3 -DDEBUG -DUSE_HAL_DRIVER -DSTM32F103xB -c -I../USB_DEVICE/App -I../USB_DEVICE/Target -I../Core/Inc -I../Drivers/STM32F1xx_HAL_Driver/Inc -I../Drivers/STM32F1xx_HAL_Driver/Inc/Legacy -I../Middlewares/ST/STM32_USB_Device_Library/Core/Inc -I../Middlewares/ST/STM32_USB_Device_Library/Class/HID/Inc -I../Drivers/CMSIS/Device/ST/STM32F1xx/Include -I../Drivers/CMSIS/Include -O0 -ffunction-sections -fdata-sections -Wall -fstack-usage -MMD -MP -MF"USB_DEVICE/App/usb_device.d" -MT"USB_DEVICE/App/usb_device.o" --specs=nano.specs -mfloat-abi=soft -mthumb -o "USB_DEVICE/App/usb_device.o"
arm-none-eabi-gcc "../USB_DEVICE/App/usbd_desc.c" -mcpu=cortex-m3 -std=gnu11 -g3 -DDEBUG -DUSE_HAL_DRIVER -DSTM32F103xB -c -I../USB_DEVICE/App -I../USB_DEVICE/Target -I../Core/Inc -I../Drivers/STM32F1xx_HAL_Driver/Inc -I../Drivers/STM32F1xx_HAL_Driver/Inc/Legacy -I../Middlewares/ST/STM32_USB_Device_Library/Core/Inc -I../Middlewares/ST/STM32_USB_Device_Library/Class/HID/Inc -I../Drivers/CMSIS/Device/ST/STM32F1xx/Include -I../Drivers/CMSIS/Include -O0 -ffunction-sections -fdata-sections -Wall -fstack-usage -MMD -MP -MF"USB_DEVICE/App/usbd_desc.d" -MT"USB_DEVICE/App/usbd_desc.o" --specs=nano.specs -mfloat-abi=soft -mthumb -o "USB_DEVICE/App/usbd_desc.o"
arm-none-eabi-gcc "../Middlewares/ST/STM32_USB_Device_Library/Core/Src/usbd_core.c" -mcpu=cortex-m3 -std=gnu11 -g3 -DDEBUG -DUSE_HAL_DRIVER -DSTM32F103xB -c -I../USB_DEVICE/App -I../USB_DEVICE/Target -I../Core/Inc -I../Drivers/STM32F1xx_HAL_Driver/Inc -I../Drivers/STM32F1xx_HAL_Driver/Inc/Legacy -I../Middlewares/ST/STM32_USB_Device_Library/Core/Inc -I../Middlewares/ST/STM32_USB_Device_Library/Class/HID/Inc -I../Drivers/CMSIS/Device/ST/STM32F1xx/Include -I../Drivers/CMSIS/Include -O0 -ffunction-sections -fdata-sections -Wall -fstack-usage -MMD -MP -MF"Middlewares/ST/STM32_USB_Device_Library/Core/Src/usbd_core.d" -MT"Middlewares/ST/STM32_USB_Device_Library/Core/Src/usbd_core.o" --specs=nano.specs -mfloat-abi=soft -mthumb -o "Middlewares/ST/STM32_USB_Device_Library/Core/Src/usbd_core.o"
arm-none-eabi-gcc "../Middlewares/ST/STM32_USB_Device_Library/Core/Src/usbd_ctlreq.c" -mcpu=cortex-m3 -std=gnu11 -g3 -DDEBUG -DUSE_HAL_DRIVER -DSTM32F103xB -c -I../USB_DEVICE/App -I../USB_DEVICE/Target -I../Core/Inc -I../Drivers/STM32F1xx_HAL_Driver/Inc -I../Drivers/STM32F1xx_HAL_Driver/Inc/Legacy -I../Middlewares/ST/STM32_USB_Device_Library/Core/Inc -I../Middlewares/ST/STM32_USB_Device_Library/Class/HID/Inc -I../Drivers/CMSIS/Device/ST/STM32F1xx/Include -I../Drivers/CMSIS/Include -O0 -ffunction-sections -fdata-sections -Wall -fstack-usage -MMD -MP -MF"Middlewares/ST/STM32_USB_Device_Library/Core/Src/usbd_ctlreq.d" -MT"Middlewares/ST/STM32_USB_Device_Library/Core/Src/usbd_ctlreq.o" --specs=nano.specs -mfloat-abi=soft -mthumb -o "Middlewares/ST/STM32_USB_Device_Library/Core/Src/usbd_ctlreq.o"
arm-none-eabi-gcc "../Middlewares/ST/STM32_USB_Device_Library/Core/Src/usbd_ioreq.c" -mcpu=cortex-m3 -std=gnu11 -g3 -DDEBUG -DUSE_HAL_DRIVER -DSTM32F103xB -c -I../USB_DEVICE/App -I../USB_DEVICE/Target -I../Core/Inc -I../Drivers/STM32F1xx_HAL_Driver/Inc -I../Drivers/STM32F1xx_HAL_Driver/Inc/Legacy -I../Middlewares/ST/STM32_USB_Device_Library/Core/Inc -I../Middlewares/ST/STM32_USB_Device_Library/Class/HID/Inc -I../Drivers/CMSIS/Device/ST/STM32F1xx/Include -I../Drivers/CMSIS/Include -O0 -ffunction-sections -fdata-sections -Wall -fstack-usage -MMD -MP -MF"Middlewares/ST/STM32_USB_Device_Library/Core/Src/usbd_ioreq.d" -MT"Middlewares/ST/STM32_USB_Device_Library/Core/Src/usbd_ioreq.o" --specs=nano.specs -mfloat-abi=soft -mthumb -o "Middlewares/ST/STM32_USB_Device_Library/Core/Src/usbd_ioreq.o"
arm-none-eabi-gcc "../Middlewares/ST/STM32_USB_Device_Library/Class/HID/Src/usbd_hid.c" -mcpu=cortex-m3 -std=gnu11 -g3 -DDEBUG -DUSE_HAL_DRIVER -DSTM32F103xB -c -I../USB_DEVICE/App -I../USB_DEVICE/Target -I../Core/Inc -I../Drivers/STM32F1xx_HAL_Driver/Inc -I../Drivers/STM32F1xx_HAL_Driver/Inc/Legacy -I../Middlewares/ST/STM32_USB_Device_Library/Core/Inc -I../Middlewares/ST/STM32_USB_Device_Library/Class/HID/Inc -I../Drivers/CMSIS/Device/ST/STM32F1xx/Include -I../Drivers/CMSIS/Include -O0 -ffunction-sections -fdata-sections -Wall -fstack-usage -MMD -MP -MF"Middlewares/ST/STM32_USB_Device_Library/Class/HID/Src/usbd_hid.d" -MT"Middlewares/ST/STM32_USB_Device_Library/Class/HID/Src/usbd_hid.o" --specs=nano.specs -mfloat-abi=soft -mthumb -o "Middlewares/ST/STM32_USB_Device_Library/Class/HID/Src/usbd_hid.o"
arm-none-eabi-gcc "../Drivers/STM32F1xx_HAL_Driver/Src/stm32f1xx_hal.c" -mcpu=cortex-m3 -std=gnu11 -g3 -DDEBUG -DUSE_HAL_DRIVER -DSTM32F103xB -c -I../USB_DEVICE/App -I../USB_DEVICE/Target -I../Core/Inc -I../Drivers/STM32F1xx_HAL_Driver/Inc -I../Drivers/STM32F1xx_HAL_Driver/Inc/Legacy -I../Middlewares/ST/STM32_USB_Device_Library/Core/Inc -I../Middlewares/ST/STM32_USB_Device_Library/Class/HID/Inc -I../Drivers/CMSIS/Device/ST/STM32F1xx/Include -I../Drivers/CMSIS/Include -O0 -ffunction-sections -fdata-sections -Wall -fstack-usage -MMD -MP -MF"Drivers/STM32F1xx_HAL_Driver/Src/stm32f1xx_hal.d" -MT"Drivers/STM32F1xx_HAL_Driver/Src/stm32f1xx_hal.o" --specs=nano.specs -mfloat-abi=soft -mthumb -o "Drivers/STM32F1xx_HAL_Driver/Src/stm32f1xx_hal.o"
arm-none-eabi-gcc "../Drivers/STM32F1xx_HAL_Driver/Src/stm32f1xx_hal_cortex.c" -mcpu=cortex-m3 -std=gnu11 -g3 -DDEBUG -DUSE_HAL_DRIVER -DSTM32F103xB -c -I../USB_DEVICE/App -I../USB_DEVICE/Target -I../Core/Inc -I../Drivers/STM32F1xx_HAL_Driver/Inc -I../Drivers/STM32F1xx_HAL_Driver/Inc/Legacy -I../Middlewares/ST/STM32_USB_Device_Library/Core/Inc -I../Middlewares/ST/STM32_USB_Device_Library/Class/HID/Inc -I../Drivers/CMSIS/Device/ST/STM32F1xx/Include -I../Drivers/CMSIS/Include -O0 -ffunction-sections -fdata-sections -Wall -fstack-usage -MMD -MP -MF"Drivers/STM32F1xx_HAL_Driver/Src/stm32f1xx_hal_cortex.d" -MT"Drivers/STM32F1xx_HAL_Driver/Src/stm32f1xx_hal_cortex.o" --specs=nano.specs -mfloat-abi=soft -mthumb -o "Drivers/STM32F1xx_HAL_Driver/Src/stm32f1xx_hal_cortex.o"
arm-none-eabi-gcc "../Drivers/STM32F1xx_HAL_Driver/Src/stm32f1xx_hal_dma.c" -mcpu=cortex-m3 -std=gnu11 -g3 -DDEBUG -DUSE_HAL_DRIVER -DSTM32F103xB -c -I../USB_DEVICE/App -I../USB_DEVICE/Target -I../Core/Inc -I../Drivers/STM32F1xx_HAL_Driver/Inc -I../Drivers/STM32F1xx_HAL_Driver/Inc/Legacy -I../Middlewares/ST/STM32_USB_Device_Library/Core/Inc -I../Middlewares/ST/STM32_USB_Device_Library/Class/HID/Inc -I../Drivers/CMSIS/Device/ST/STM32F1xx/Include -I../Drivers/CMSIS/Include -O0 -ffunction-sections -fdata-sections -Wall -fstack-usage -MMD -MP -MF"Drivers/STM32F1xx_HAL_Driver/Src/stm32f1xx_hal_dma.d" -MT"Drivers/STM32F1xx_HAL_Driver/Src/stm32f1xx_hal_dma.o" --specs=nano.specs -mfloat-abi=soft -mthumb -o "Drivers/STM32F1xx_HAL_Driver/Src/stm32f1xx_hal_dma.o"
arm-none-eabi-gcc "../Drivers/STM32F1xx_HAL_Driver/Src/stm32f1xx_hal_exti.c" -mcpu=cortex-m3 -std=gnu11 -g3 -DDEBUG -DUSE_HAL_DRIVER -DSTM32F103xB -c -I../USB_DEVICE/App -I../USB_DEVICE/Target -I../Core/Inc -I../Drivers/STM32F1xx_HAL_Driver/Inc -I../Drivers/STM32F1xx_HAL_Driver/Inc/Legacy -I../Middlewares/ST/STM32_USB_Device_Library/Core/Inc -I../Middlewares/ST/STM32_USB_Device_Library/Class/HID/Inc -I../Drivers/CMSIS/Device/ST/STM32F1xx/Include -I../Drivers/CMSIS/Include -O0 -ffunction-sections -fdata-sections -Wall -fstack-usage -MMD -MP -MF"Drivers/STM32F1xx_HAL_Driver/Src/stm32f1xx_hal_exti.d" -MT"Drivers/STM32F1xx_HAL_Driver/Src/stm32f1xx_hal_exti.o" --specs=nano.specs -mfloat-abi=soft -mthumb -o "Drivers/STM32F1xx_HAL_Driver/Src/stm32f1xx_hal_exti.o"
arm-none-eabi-gcc "../Drivers/STM32F1xx_HAL_Driver/Src/stm32f1xx_hal_flash.c" -mcpu=cortex-m3 -std=gnu11 -g3 -DDEBUG -DUSE_HAL_DRIVER -DSTM32F103xB -c -I../USB_DEVICE/App -I../USB_DEVICE/Target -I../Core/Inc -I../Drivers/STM32F1xx_HAL_Driver/Inc -I../Drivers/STM32F1xx_HAL_Driver/Inc/Legacy -I../Middlewares/ST/STM32_USB_Device_Library/Core/Inc -I../Middlewares/ST/STM32_USB_Device_Library/Class/HID/Inc -I../Drivers/CMSIS/Device/ST/STM32F1xx/Include -I../Drivers/CMSIS/Include -O0 -ffunction-sections -fdata-sections -Wall -fstack-usage -MMD -MP -MF"Drivers/STM32F1xx_HAL_Driver/Src/stm32f1xx_hal_flash.d" -MT"Drivers/STM32F1xx_HAL_Driver/Src/stm32f1xx_hal_flash.o" --specs=nano.specs -mfloat-abi=soft -mthumb -o "Drivers/STM32F1xx_HAL_Driver/Src/stm32f1xx_hal_flash.o"
arm-none-eabi-gcc "../Drivers/STM32F1xx_HAL_Driver/Src/stm32f1xx_hal_flash_ex.c" -mcpu=cortex-m3 -std=gnu11 -g3 -DDEBUG -DUSE_HAL_DRIVER -DSTM32F103xB -c -I../USB_DEVICE/App -I../USB_DEVICE/Target -I../Core/Inc -I../Drivers/STM32F1xx_HAL_Driver/Inc -I../Drivers/STM32F1xx_HAL_Driver/Inc/Legacy -I../Middlewares/ST/STM32_USB_Device_Library/Core/Inc -I../Middlewares/ST/STM32_USB_Device_Library/Class/HID/Inc -I../Drivers/CMSIS/Device/ST/STM32F1xx/Include -I../Drivers/CMSIS/Include -O0 -ffunction-sections -fdata-sections -Wall -fstack-usage -MMD -MP -MF"Drivers/STM32F1xx_HAL_Driver/Src/stm32f1xx_hal_flash_ex.d" -MT"Drivers/STM32F1xx_HAL_Driver/Src/stm32f1xx_hal_flash_ex.o" --specs=nano.specs -mfloat-abi=soft -mthumb -o "Drivers/STM32F1xx_HAL_Driver/Src/stm32f1xx_hal_flash_ex.o"
arm-none-eabi-gcc "../Drivers/STM32F1xx_HAL_Driver/Src/stm32f1xx_hal_gpio.c" -mcpu=cortex-m3 -std=gnu11 -g3 -DDEBUG -DUSE_HAL_DRIVER -DSTM32F103xB -c -I../USB_DEVICE/App -I../USB_DEVICE/Target -I../Core/Inc -I../Drivers/STM32F1xx_HAL_Driver/Inc -I../Drivers/STM32F1xx_HAL_Driver/Inc/Legacy -I../Middlewares/ST/STM32_USB_Device_Library/Core/Inc -I../Middlewares/ST/STM32_USB_Device_Library/Class/HID/Inc -I../Drivers/CMSIS/Device/ST/STM32F1xx/Include -I../Drivers/CMSIS/Include -O0 -ffunction-sections -fdata-sections -Wall -fstack-usage -MMD -MP -MF"Drivers/STM32F1xx_HAL_Driver/Src/stm32f1xx_hal_gpio.d" -MT"Drivers/STM32F1xx_HAL_Driver/Src/stm32f1xx_hal_gpio.o" --specs=nano.specs -mfloat-abi=soft -mthumb -o "Drivers/STM32F1xx_HAL_Driver/Src/stm32f1xx_hal_gpio.o"
arm-none-eabi-gcc "../Drivers/STM32F1xx_HAL_Driver/Src/stm32f1xx_hal_gpio_ex.c" -mcpu=cortex-m3 -std=gnu11 -g3 -DDEBUG -DUSE_HAL_DRIVER -DSTM32F103xB -c -I../USB_DEVICE/App -I../USB_DEVICE/Target -I../Core/Inc -I../Drivers/STM32F1xx_HAL_Driver/Inc -I../Drivers/STM32F1xx_HAL_Driver/Inc/Legacy -I../Middlewares/ST/STM32_USB_Device_Library/Core/Inc -I../Middlewares/ST/STM32_USB_Device_Library/Class/HID/Inc -I../Drivers/CMSIS/Device/ST/STM32F1xx/Include -I../Drivers/CMSIS/Include -O0 -ffunction-sections -fdata-sections -Wall -fstack-usage -MMD -MP -MF"Drivers/STM32F1xx_HAL_Driver/Src/stm32f1xx_hal_gpio_ex.d" -MT"Drivers/STM32F1xx_HAL_Driver/Src/stm32f1xx_hal_gpio_ex.o" --specs=nano.specs -mfloat-abi=soft -mthumb -o "Drivers/STM32F1xx_HAL_Driver/Src/stm32f1xx_hal_gpio_ex.o"
arm-none-eabi-gcc "../Drivers/STM32F1xx_HAL_Driver/Src/stm32f1xx_hal_i2c.c" -mcpu=cortex-m3 -std=gnu11 -g3 -DDEBUG -DUSE_HAL_DRIVER -DSTM32F103xB -c -I../USB_DEVICE/App -I../USB_DEVICE/Target -I../Core/Inc -I../Drivers/STM32F1xx_HAL_Driver/Inc -I../Drivers/STM32F1xx_HAL_Driver/Inc/Legacy -I../Middlewares/ST/STM32_USB_Device_Library/Core/Inc -I../Middlewares/ST/STM32_USB_Device_Library/Class/HID/Inc -I../Drivers/CMSIS/Device/ST/STM32F1xx/Include -I../Drivers/CMSIS/Include -O0 -ffunction-sections -fdata-sections -Wall -fstack-usage -MMD -MP -MF"Drivers/STM32F1xx_HAL_Driver/Src/stm32f1xx_hal_i2c.d" -MT"Drivers/STM32F1xx_HAL_Driver/Src/stm32f1xx_hal_i2c.o" --specs=nano.specs -mfloat-abi=soft -mthumb -o "Drivers/STM32F1xx_HAL_Driver/Src/stm32f1xx_hal_i2c.o"
arm-none-eabi-gcc "../Drivers/STM32F1xx_HAL_Driver/Src/stm32f1xx_hal_pcd.c" -mcpu=cortex-m3 -std=gnu11 -g3 -DDEBUG -DUSE_HAL_DRIVER -DSTM32F103xB -c -I../USB_DEVICE/App -I../USB_DEVICE/Target -I../Core/Inc -I../Drivers/STM32F1xx_HAL_Driver/Inc -I../Drivers/STM32F1xx_HAL_Driver/Inc/Legacy -I../Middlewares/ST/STM32_USB_Device_Library/Core/Inc -I../Middlewares/ST/STM32_USB_Device_Library/Class/HID/Inc -I../Drivers/CMSIS/Device/ST/STM32F1xx/Include -I../Drivers/CMSIS/Include -O0 -ffunction-sections -fdata-sections -Wall -fstack-usage -MMD -MP -MF"Drivers/STM32F1xx_HAL_Driver/Src/stm32f1xx_hal_pcd.d" -MT"Drivers/STM32F1xx_HAL_Driver/Src/stm32f1xx_hal_pcd.o" --specs=nano.specs -mfloat-abi=soft -mthumb -o "Drivers/STM32F1xx_HAL_Driver/Src/stm32f1xx_hal_pcd.o"
arm-none-eabi-gcc "../Drivers/STM32F1xx_HAL_Driver/Src/stm32f1xx_hal_pcd_ex.c" -mcpu=cortex-m3 -std=gnu11 -g3 -DDEBUG -DUSE_HAL_DRIVER -DSTM32F103xB -c -I../USB_DEVICE/App -I../USB_DEVICE/Target -I../Core/Inc -I../Drivers/STM32F1xx_HAL_Driver/Inc -I../Drivers/STM32F1xx_HAL_Driver/Inc/Legacy -I../Middlewares/ST/STM32_USB_Device_Library/Core/Inc -I../Middlewares/ST/STM32_USB_Device_Library/Class/HID/Inc -I../Drivers/CMSIS/Device/ST/STM32F1xx/Include -I../Drivers/CMSIS/Include -O0 -ffunction-sections -fdata-sections -Wall -fstack-usage -MMD -MP -MF"Drivers/STM32F1xx_HAL_Driver/Src/stm32f1xx_hal_pcd_ex.d" -MT"Drivers/STM32F1xx_HAL_Driver/Src/stm32f1xx_hal_pcd_ex.o" --specs=nano.specs -mfloat-abi=soft -mthumb -o "Drivers/STM32F1xx_HAL_Driver/Src/stm32f1xx_hal_pcd_ex.o"
arm-none-eabi-gcc "../Drivers/STM32F1xx_HAL_Driver/Src/stm32f1xx_hal_pwr.c" -mcpu=cortex-m3 -std=gnu11 -g3 -DDEBUG -DUSE_HAL_DRIVER -DSTM32F103xB -c -I../USB_DEVICE/App -I../USB_DEVICE/Target -I../Core/Inc -I../Drivers/STM32F1xx_HAL_Driver/Inc -I../Drivers/STM32F1xx_HAL_Driver/Inc/Legacy -I../Middlewares/ST/STM32_USB_Device_Library/Core/Inc -I../Middlewares/ST/STM32_USB_Device_Library/Class/HID/Inc -I../Drivers/CMSIS/Device/ST/STM32F1xx/Include -I../Drivers/CMSIS/Include -O0 -ffunction-sections -fdata-sections -Wall -fstack-usage -MMD -MP -MF"Drivers/STM32F1xx_HAL_Driver/Src/stm32f1xx_hal_pwr.d" -MT"Drivers/STM32F1xx_HAL_Driver/Src/stm32f1xx_hal_pwr.o" --specs=nano.specs -mfloat-abi=soft -mthumb -o "Drivers/STM32F1xx_HAL_Driver/Src/stm32f1xx_hal_pwr.o"
arm-none-eabi-gcc "../Drivers/STM32F1xx_HAL_Driver/Src/stm32f1xx_hal_rcc.c" -mcpu=cortex-m3 -std=gnu11 -g3 -DDEBUG -DUSE_HAL_DRIVER -DSTM32F103xB -c -I../USB_DEVICE/App -I../USB_DEVICE/Target -I../Core/Inc -I../Drivers/STM32F1xx_HAL_Driver/Inc -I../Drivers/STM32F1xx_HAL_Driver/Inc/Legacy -I../Middlewares/ST/STM32_USB_Device_Library/Core/Inc -I../Middlewares/ST/STM32_USB_Device_Library/Class/HID/Inc -I../Drivers/CMSIS/Device/ST/STM32F1xx/Include -I../Drivers/CMSIS/Include -O0 -ffunction-sections -fdata-sections -Wall -fstack-usage -MMD -MP -MF"Drivers/STM32F1xx_HAL_Driver/Src/stm32f1xx_hal_rcc.d" -MT"Drivers/STM32F1xx_HAL_Driver/Src/stm32f1xx_hal_rcc.o" --specs=nano.specs -mfloat-abi=soft -mthumb -o "Drivers/STM32F1xx_HAL_Driver/Src/stm32f1xx_hal_rcc.o"
arm-none-eabi-gcc "../Drivers/STM32F1xx_HAL_Driver/Src/stm32f1xx_hal_rcc_ex.c" -mcpu=cortex-m3 -std=gnu11 -g3 -DDEBUG -DUSE_HAL_DRIVER -DSTM32F103xB -c -I../USB_DEVICE/App -I../USB_DEVICE/Target -I../Core/Inc -I../Drivers/STM32F1xx_HAL_Driver/Inc -I../Drivers/STM32F1xx_HAL_Driver/Inc/Legacy -I../Middlewares/ST/STM32_USB_Device_Library/Core/Inc -I../Middlewares/ST/STM32_USB_Device_Library/Class/HID/Inc -I../Drivers/CMSIS/Device/ST/STM32F1xx/Include -I../Drivers/CMSIS/Include -O0 -ffunction-sections -fdata-sections -Wall -fstack-usage -MMD -MP -MF"Drivers/STM32F1xx_HAL_Driver/Src/stm32f1xx_hal_rcc_ex.d" -MT"Drivers/STM32F1xx_HAL_Driver/Src/stm32f1xx_hal_rcc_ex.o" --specs=nano.specs -mfloat-abi=soft -mthumb -o "Drivers/STM32F1xx_HAL_Driver/Src/stm32f1xx_hal_rcc_ex.o"
arm-none-eabi-gcc "../Drivers/STM32F1xx_HAL_Driver/Src/stm32f1xx_hal_tim.c" -mcpu=cortex-m3 -std=gnu11 -g3 -DDEBUG -DUSE_HAL_DRIVER -DSTM32F103xB -c -I../USB_DEVICE/App -I../USB_DEVICE/Target -I../Core/Inc -I../Drivers/STM32F1xx_HAL_Driver/Inc -I../Drivers/STM32F1xx_HAL_Driver/Inc/Legacy -I../Middlewares/ST/STM32_USB_Device_Library/Core/Inc -I../Middlewares/ST/STM32_USB_Device_Library/Class/HID/Inc -I../Drivers/CMSIS/Device/ST/STM32F1xx/Include -I../Drivers/CMSIS/Include -O0 -ffunction-sections -fdata-sections -Wall -fstack-usage -MMD -MP -MF"Drivers/STM32F1xx_HAL_Driver/Src/stm32f1xx_hal_tim.d" -MT"Drivers/STM32F1xx_HAL_Driver/Src/stm32f1xx_hal_tim.o" --specs=nano.specs -mfloat-abi=soft -mthumb -o "Drivers/STM32F1xx_HAL_Driver/Src/stm32f1xx_hal_tim.o"
arm-none-eabi-gcc "../Drivers/STM32F1xx_HAL_Driver/Src/stm32f1xx_hal_tim_ex.c" -mcpu=cortex-m3 -std=gnu11 -g3 -DDEBUG -DUSE_HAL_DRIVER -DSTM32F103xB -c -I../USB_DEVICE/App -I../USB_DEVICE/Target -I../Core/Inc -I../Drivers/STM32F1xx_HAL_Driver/Inc -I../Drivers/STM32F1xx_HAL_Driver/Inc/Legacy -I../Middlewares/ST/STM32_USB_Device_Library/Core/Inc -I../Middlewares/ST/STM32_USB_Device_Library/Class/HID/Inc -I../Drivers/CMSIS/Device/ST/STM32F1xx/Include -I../Drivers/CMSIS/Include -O0 -ffunction-sections -fdata-sections -Wall -fstack-usage -MMD -MP -MF"Drivers/STM32F1xx_HAL_Driver/Src/stm32f1xx_hal_tim_ex.d" -MT"Drivers/STM32F1xx_HAL_Driver/Src/stm32f1xx_hal_tim_ex.o" --specs=nano.specs -mfloat-abi=soft -mthumb -o "Drivers/STM32F1xx_HAL_Driver/Src/stm32f1xx_hal_tim_ex.o"
arm-none-eabi-gcc "../Drivers/STM32F1xx_HAL_Driver/Src/stm32f1xx_ll_usb.c" -mcpu=cortex-m3 -std=gnu11 -g3 -DDEBUG -DUSE_HAL_DRIVER -DSTM32F103xB -c -I../USB_DEVICE/App -I../USB_DEVICE/Target -I../Core/Inc -I../Drivers/STM32F1xx_HAL_Driver/Inc -I../Drivers/STM32F1xx_HAL_Driver/Inc/Legacy -I../Middlewares/ST/STM32_USB_Device_Library/Core/Inc -I../Middlewares/ST/STM32_USB_Device_Library/Class/HID/Inc -I../Drivers/CMSIS/Device/ST/STM32F1xx/Include -I../Drivers/CMSIS/Include -O0 -ffunction-sections -fdata-sections -Wall -fstack-usage -MMD -MP -MF"Drivers/STM32F1xx_HAL_Driver/Src/stm32f1xx_ll_usb.d" -MT"Drivers/STM32F1xx_HAL_Driver/Src/stm32f1xx_ll_usb.o" --specs=nano.specs -mfloat-abi=soft -mthumb -o "Drivers/STM32F1xx_HAL_Driver/Src/stm32f1xx_ll_usb.o"
arm-none-eabi-gcc -mcpu=cortex-m3 -g3 -DDEBUG -c -x assembler-with-cpp -MMD -MP -MF"Core/Startup/startup_stm32f103c8tx.d" -MT"Core/Startup/startup_stm32f103c8tx.o" --specs=nano.specs -mfloat-abi=soft -mthumb -o "Core/Startup/startup_stm32f103c8tx.o" "../Core/Startup/startup_stm32f103c8tx.s"
arm-none-eabi-gcc "../Core/Src/main.c" -mcpu=cortex-m3 -std=gnu11 -g3 -DDEBUG -DUSE_HAL_DRIVER -DSTM32F103xB -c -I../USB_DEVICE/App -I../USB_DEVICE/Target -I../Core/Inc -I../Drivers/STM32F1xx_HAL_Driver/Inc -I../Drivers/STM32F1xx_HAL_Driver/Inc/Legacy -I../Middlewares/ST/STM32_USB_Device_Library/Core/Inc -I../Middlewares/ST/STM32_USB_Device_Library/Class/HID/Inc -I../Drivers/CMSIS/Device/ST/STM32F1xx/Include -I../Drivers/CMSIS/Include -O0 -ffunction-sections -fdata-sections -Wall -fstack-usage -MMD -MP -MF"Core/Src/main.d" -MT"Core/Src/main.o" --specs=nano.specs -mfloat-abi=soft -mthumb -o "Core/Src/main.o"
arm-none-eabi-gcc "../Core/Src/stm32f1xx_hal_msp.c" -mcpu=cortex-m3 -std=gnu11 -g3 -DDEBUG -DUSE_HAL_DRIVER -DSTM32F103xB -c -I../USB_DEVICE/App -I../USB_DEVICE/Target -I../Core/Inc -I../Drivers/STM32F1xx_HAL_Driver/Inc -I../Drivers/STM32F1xx_HAL_Driver/Inc/Legacy -I../Middlewares/ST/STM32_USB_Device_Library/Core/Inc -I../Middlewares/ST/STM32_USB_Device_Library/Class/HID/Inc -I../Drivers/CMSIS/Device/ST/STM32F1xx/Include -I../Drivers/CMSIS/Include -O0 -ffunction-sections -fdata-sections -Wall -fstack-usage -MMD -MP -MF"Core/Src/stm32f1xx_hal_msp.d" -MT"Core/Src/stm32f1xx_hal_msp.o" --specs=nano.specs -mfloat-abi=soft -mthumb -o "Core/Src/stm32f1xx_hal_msp.o"
arm-none-eabi-gcc "../Core/Src/stm32f1xx_it.c" -mcpu=cortex-m3 -std=gnu11 -g3 -DDEBUG -DUSE_HAL_DRIVER -DSTM32F103xB -c -I../USB_DEVICE/App -I../USB_DEVICE/Target -I../Core/Inc -I../Drivers/STM32F1xx_HAL_Driver/Inc -I../Drivers/STM32F1xx_HAL_Driver/Inc/Legacy -I../Middlewares/ST/STM32_USB_Device_Library/Core/Inc -I../Middlewares/ST/STM32_USB_Device_Library/Class/HID/Inc -I../Drivers/CMSIS/Device/ST/STM32F1xx/Include -I../Drivers/CMSIS/Include -O0 -ffunction-sections -fdata-sections -Wall -fstack-usage -MMD -MP -MF"Core/Src/stm32f1xx_it.d" -MT"Core/Src/stm32f1xx_it.o" --specs=nano.specs -mfloat-abi=soft -mthumb -o "Core/Src/stm32f1xx_it.o"
../Core/Src/main.c: In function 'main':
../Core/Src/main.c:253:39: warning: passing argument 2 of 'USBD_HID_SendReport' from incompatible pointer type [-Wincompatible-pointer-types]
  253 |    USBD_HID_SendReport(&hUsbDeviceFS, &mousehid, sizeof (mousehid));
      |                                       ^~~~~~~~~
      |                                       |
      |                                       mouseHID * {aka struct <anonymous> *}
In file included from ../Core/Src/main.c:26:
../Middlewares/ST/STM32_USB_Device_Library/Class/HID/Inc/usbd_hid.h:122:38: note: expected 'uint8_t *' {aka 'unsigned char *'} but argument is of type 'mouseHID *' {aka 'struct <anonymous> *'}
  122 |                             uint8_t *report,
      |                             ~~~~~~~~~^~~~~~
../Core/Src/main.c:257:38: warning: passing argument 2 of 'USBD_HID_SendReport' from incompatible pointer type [-Wincompatible-pointer-types]
  257 |   USBD_HID_SendReport(&hUsbDeviceFS, &mousehid, sizeof (mousehid));
      |                                      ^~~~~~~~~
      |                                      |
      |                                      mouseHID * {aka struct <anonymous> *}
In file included from ../Core/Src/main.c:26:
../Middlewares/ST/STM32_USB_Device_Library/Class/HID/Inc/usbd_hid.h:122:38: note: expected 'uint8_t *' {aka 'unsigned char *'} but argument is of type 'mouseHID *' {aka 'struct <anonymous> *'}
  122 |                             uint8_t *report,
      |                             ~~~~~~~~~^~~~~~
arm-none-eabi-gcc "../Core/Src/syscalls.c" -mcpu=cortex-m3 -std=gnu11 -g3 -DDEBUG -DUSE_HAL_DRIVER -DSTM32F103xB -c -I../USB_DEVICE/App -I../USB_DEVICE/Target -I../Core/Inc -I../Drivers/STM32F1xx_HAL_Driver/Inc -I../Drivers/STM32F1xx_HAL_Driver/Inc/Legacy -I../Middlewares/ST/STM32_USB_Device_Library/Core/Inc -I../Middlewares/ST/STM32_USB_Device_Library/Class/HID/Inc -I../Drivers/CMSIS/Device/ST/STM32F1xx/Include -I../Drivers/CMSIS/Include -O0 -ffunction-sections -fdata-sections -Wall -fstack-usage -MMD -MP -MF"Core/Src/syscalls.d" -MT"Core/Src/syscalls.o" --specs=nano.specs -mfloat-abi=soft -mthumb -o "Core/Src/syscalls.o"
arm-none-eabi-gcc "../Core/Src/sysmem.c" -mcpu=cortex-m3 -std=gnu11 -g3 -DDEBUG -DUSE_HAL_DRIVER -DSTM32F103xB -c -I../USB_DEVICE/App -I../USB_DEVICE/Target -I../Core/Inc -I../Drivers/STM32F1xx_HAL_Driver/Inc -I../Drivers/STM32F1xx_HAL_Driver/Inc/Legacy -I../Middlewares/ST/STM32_USB_Device_Library/Core/Inc -I../Middlewares/ST/STM32_USB_Device_Library/Class/HID/Inc -I../Drivers/CMSIS/Device/ST/STM32F1xx/Include -I../Drivers/CMSIS/Include -O0 -ffunction-sections -fdata-sections -Wall -fstack-usage -MMD -MP -MF"Core/Src/sysmem.d" -MT"Core/Src/sysmem.o" --specs=nano.specs -mfloat-abi=soft -mthumb -o "Core/Src/sysmem.o"
arm-none-eabi-gcc "../Core/Src/system_stm32f1xx.c" -mcpu=cortex-m3 -std=gnu11 -g3 -DDEBUG -DUSE_HAL_DRIVER -DSTM32F103xB -c -I../USB_DEVICE/App -I../USB_DEVICE/Target -I../Core/Inc -I../Drivers/STM32F1xx_HAL_Driver/Inc -I../Drivers/STM32F1xx_HAL_Driver/Inc/Legacy -I../Middlewares/ST/STM32_USB_Device_Library/Core/Inc -I../Middlewares/ST/STM32_USB_Device_Library/Class/HID/Inc -I../Drivers/CMSIS/Device/ST/STM32F1xx/Include -I../Drivers/CMSIS/Include -O0 -ffunction-sections -fdata-sections -Wall -fstack-usage -MMD -MP -MF"Core/Src/system_stm32f1xx.d" -MT"Core/Src/system_stm32f1xx.o" --specs=nano.specs -mfloat-abi=soft -mthumb -o "Core/Src/system_stm32f1xx.o"
arm-none-eabi-gcc -o "mpu6050 accelometer.elf" @"objects.list"   -mcpu=cortex-m3 -T"C:\Users\Beyza\Desktop\2021 Fall\SDP\mpu6050 accelometer\mpu6050 accelometer\mpu6050 accelometer\STM32F103C8TX_FLASH.ld" --specs=nosys.specs -Wl,-Map="mpu6050 accelometer.map" -Wl,--gc-sections -static --specs=nano.specs -mfloat-abi=soft -mthumb -Wl,--start-group -lc -lm -Wl,--end-group
Finished building target: mpu6050 accelometer.elf
 
arm-none-eabi-size   mpu6050\ accelometer.elf 
arm-none-eabi-objdump -h -S  mpu6050\ accelometer.elf  > "mpu6050 accelometer.list"
arm-none-eabi-objcopy  -O binary  mpu6050\ accelometer.elf  "mpu6050 accelometer.bin"
   text	   data	    bss	    dec	    hex	filename
  35980	    364	   3700	  40044	   9c6c	mpu6050 accelometer.elf
Finished building: default.size.stdout
 
Finished building: mpu6050 accelometer.bin
 
Finished building: mpu6050 accelometer.list
 
11:06:00 **** Incremental Build of configuration Debug for project mpu6050 accelometer ****
make -j4 all 
arm-none-eabi-gcc "../USB_DEVICE/Target/usbd_conf.c" -mcpu=cortex-m3 -std=gnu11 -g3 -DDEBUG -DUSE_HAL_DRIVER -DSTM32F103xB -c -I../USB_DEVICE/App -I../USB_DEVICE/Target -I../Core/Inc -I../Drivers/STM32F1xx_HAL_Driver/Inc -I../Drivers/STM32F1xx_HAL_Driver/Inc/Legacy -I../Middlewares/ST/STM32_USB_Device_Library/Core/Inc -I../Middlewares/ST/STM32_USB_Device_Library/Class/HID/Inc -I../Drivers/CMSIS/Device/ST/STM32F1xx/Include -I../Drivers/CMSIS/Include -O0 -ffunction-sections -fdata-sections -Wall -fstack-usage -MMD -MP -MF"USB_DEVICE/Target/usbd_conf.d" -MT"USB_DEVICE/Target/usbd_conf.o" --specs=nano.specs -mfloat-abi=soft -mthumb -o "USB_DEVICE/Target/usbd_conf.o"
arm-none-eabi-gcc "../USB_DEVICE/App/usb_device.c" -mcpu=cortex-m3 -std=gnu11 -g3 -DDEBUG -DUSE_HAL_DRIVER -DSTM32F103xB -c -I../USB_DEVICE/App -I../USB_DEVICE/Target -I../Core/Inc -I../Drivers/STM32F1xx_HAL_Driver/Inc -I../Drivers/STM32F1xx_HAL_Driver/Inc/Legacy -I../Middlewares/ST/STM32_USB_Device_Library/Core/Inc -I../Middlewares/ST/STM32_USB_Device_Library/Class/HID/Inc -I../Drivers/CMSIS/Device/ST/STM32F1xx/Include -I../Drivers/CMSIS/Include -O0 -ffunction-sections -fdata-sections -Wall -fstack-usage -MMD -MP -MF"USB_DEVICE/App/usb_device.d" -MT"USB_DEVICE/App/usb_device.o" --specs=nano.specs -mfloat-abi=soft -mthumb -o "USB_DEVICE/App/usb_device.o"
arm-none-eabi-gcc "../USB_DEVICE/App/usbd_desc.c" -mcpu=cortex-m3 -std=gnu11 -g3 -DDEBUG -DUSE_HAL_DRIVER -DSTM32F103xB -c -I../USB_DEVICE/App -I../USB_DEVICE/Target -I../Core/Inc -I../Drivers/STM32F1xx_HAL_Driver/Inc -I../Drivers/STM32F1xx_HAL_Driver/Inc/Legacy -I../Middlewares/ST/STM32_USB_Device_Library/Core/Inc -I../Middlewares/ST/STM32_USB_Device_Library/Class/HID/Inc -I../Drivers/CMSIS/Device/ST/STM32F1xx/Include -I../Drivers/CMSIS/Include -O0 -ffunction-sections -fdata-sections -Wall -fstack-usage -MMD -MP -MF"USB_DEVICE/App/usbd_desc.d" -MT"USB_DEVICE/App/usbd_desc.o" --specs=nano.specs -mfloat-abi=soft -mthumb -o "USB_DEVICE/App/usbd_desc.o"
arm-none-eabi-gcc "../Middlewares/ST/STM32_USB_Device_Library/Core/Src/usbd_core.c" -mcpu=cortex-m3 -std=gnu11 -g3 -DDEBUG -DUSE_HAL_DRIVER -DSTM32F103xB -c -I../USB_DEVICE/App -I../USB_DEVICE/Target -I../Core/Inc -I../Drivers/STM32F1xx_HAL_Driver/Inc -I../Drivers/STM32F1xx_HAL_Driver/Inc/Legacy -I../Middlewares/ST/STM32_USB_Device_Library/Core/Inc -I../Middlewares/ST/STM32_USB_Device_Library/Class/HID/Inc -I../Drivers/CMSIS/Device/ST/STM32F1xx/Include -I../Drivers/CMSIS/Include -O0 -ffunction-sections -fdata-sections -Wall -fstack-usage -MMD -MP -MF"Middlewares/ST/STM32_USB_Device_Library/Core/Src/usbd_core.d" -MT"Middlewares/ST/STM32_USB_Device_Library/Core/Src/usbd_core.o" --specs=nano.specs -mfloat-abi=soft -mthumb -o "Middlewares/ST/STM32_USB_Device_Library/Core/Src/usbd_core.o"
arm-none-eabi-gcc "../Middlewares/ST/STM32_USB_Device_Library/Core/Src/usbd_ctlreq.c" -mcpu=cortex-m3 -std=gnu11 -g3 -DDEBUG -DUSE_HAL_DRIVER -DSTM32F103xB -c -I../USB_DEVICE/App -I../USB_DEVICE/Target -I../Core/Inc -I../Drivers/STM32F1xx_HAL_Driver/Inc -I../Drivers/STM32F1xx_HAL_Driver/Inc/Legacy -I../Middlewares/ST/STM32_USB_Device_Library/Core/Inc -I../Middlewares/ST/STM32_USB_Device_Library/Class/HID/Inc -I../Drivers/CMSIS/Device/ST/STM32F1xx/Include -I../Drivers/CMSIS/Include -O0 -ffunction-sections -fdata-sections -Wall -fstack-usage -MMD -MP -MF"Middlewares/ST/STM32_USB_Device_Library/Core/Src/usbd_ctlreq.d" -MT"Middlewares/ST/STM32_USB_Device_Library/Core/Src/usbd_ctlreq.o" --specs=nano.specs -mfloat-abi=soft -mthumb -o "Middlewares/ST/STM32_USB_Device_Library/Core/Src/usbd_ctlreq.o"
arm-none-eabi-gcc "../Middlewares/ST/STM32_USB_Device_Library/Core/Src/usbd_ioreq.c" -mcpu=cortex-m3 -std=gnu11 -g3 -DDEBUG -DUSE_HAL_DRIVER -DSTM32F103xB -c -I../USB_DEVICE/App -I../USB_DEVICE/Target -I../Core/Inc -I../Drivers/STM32F1xx_HAL_Driver/Inc -I../Drivers/STM32F1xx_HAL_Driver/Inc/Legacy -I../Middlewares/ST/STM32_USB_Device_Library/Core/Inc -I../Middlewares/ST/STM32_USB_Device_Library/Class/HID/Inc -I../Drivers/CMSIS/Device/ST/STM32F1xx/Include -I../Drivers/CMSIS/Include -O0 -ffunction-sections -fdata-sections -Wall -fstack-usage -MMD -MP -MF"Middlewares/ST/STM32_USB_Device_Library/Core/Src/usbd_ioreq.d" -MT"Middlewares/ST/STM32_USB_Device_Library/Core/Src/usbd_ioreq.o" --specs=nano.specs -mfloat-abi=soft -mthumb -o "Middlewares/ST/STM32_USB_Device_Library/Core/Src/usbd_ioreq.o"
[...]
arm-none-eabi-gcc "../Drivers/STM32F1xx_HAL_Driver/Src/stm32f1xx_hal_tim.c" -mcpu=cortex-m3 -std=gnu11 -g3 -DDEBUG -DUSE_HAL_DRIVER -DSTM32F103xB -c -I../USB_DEVICE/App -I../USB_DEVICE/Target -I../Core/Inc -I../Drivers/STM32F1xx_HAL_Driver/Inc -I../Drivers/STM32F1xx_HAL_Driver/Inc/Legacy -I../Middlewares/ST/STM32_USB_Device_Library/Core/Inc -I../Middlewares/ST/STM32_USB_Device_Library/Class/HID/Inc -I../Drivers/CMSIS/Device/ST/STM32F1xx/Include -I../Drivers/CMSIS/Include -O0 -ffunction-sections -fdata-sections -Wall -fstack-usage -MMD -MP -MF"Drivers/STM32F1xx_HAL_Driver/Src/stm32f1xx_hal_tim.d" -MT"Drivers/STM32F1xx_HAL_Driver/Src/stm32f1xx_hal_tim.o" --specs=nano.specs -mfloat-abi=soft -mthumb -o "Drivers/STM32F1xx_HAL_Driver/Src/stm32f1xx_hal_tim.o"
arm-none-eabi-gcc "../Drivers/STM32F1xx_HAL_Driver/Src/stm32f1xx_hal_tim_ex.c" -mcpu=cortex-m3 -std=gnu11 -g3 -DDEBUG -DUSE_HAL_DRIVER -DSTM32F103xB -c -I../USB_DEVICE/App -I../USB_DEVICE/Target -I../Core/Inc -I../Drivers/STM32F1xx_HAL_Driver/Inc -I../Drivers/STM32F1xx_HAL_Driver/Inc/Legacy -I../Middlewares/ST/STM32_USB_Device_Library/Core/Inc -I../Middlewares/ST/STM32_USB_Device_Library/Class/HID/Inc -I../Drivers/CMSIS/Device/ST/STM32F1xx/Include -I../Drivers/CMSIS/Include -O0 -ffunction-sections -fdata-sections -Wall -fstack-usage -MMD -MP -MF"Drivers/STM32F1xx_HAL_Driver/Src/stm32f1xx_hal_tim_ex.d" -MT"Drivers/STM32F1xx_HAL_Driver/Src/stm32f1xx_hal_tim_ex.o" --specs=nano.specs -mfloat-abi=soft -mthumb -o "Drivers/STM32F1xx_HAL_Driver/Src/stm32f1xx_hal_tim_ex.o"
arm-none-eabi-gcc "../Drivers/STM32F1xx_HAL_Driver/Src/stm32f1xx_ll_usb.c" -mcpu=cortex-m3 -std=gnu11 -g3 -DDEBUG -DUSE_HAL_DRIVER -DSTM32F103xB -c -I../USB_DEVICE/App -I../USB_DEVICE/Target -I../Core/Inc -I../Drivers/STM32F1xx_HAL_Driver/Inc -I../Drivers/STM32F1xx_HAL_Driver/Inc/Legacy -I../Middlewares/ST/STM32_USB_Device_Library/Core/Inc -I../Middlewares/ST/STM32_USB_Device_Library/Class/HID/Inc -I../Drivers/CMSIS/Device/ST/STM32F1xx/Include -I../Drivers/CMSIS/Include -O0 -ffunction-sections -fdata-sections -Wall -fstack-usage -MMD -MP -MF"Drivers/STM32F1xx_HAL_Driver/Src/stm32f1xx_ll_usb.d" -MT"Drivers/STM32F1xx_HAL_Driver/Src/stm32f1xx_ll_usb.o" --specs=nano.specs -mfloat-abi=soft -mthumb -o "Drivers/STM32F1xx_HAL_Driver/Src/stm32f1xx_ll_usb.o"
arm-none-eabi-gcc "../Core/Src/main.c" -mcpu=cortex-m3 -std=gnu11 -g3 -DDEBUG -DUSE_HAL_DRIVER -DSTM32F103xB -c -I../USB_DEVICE/App -I../USB_DEVICE/Target -I../Core/Inc -I../Drivers/STM32F1xx_HAL_Driver/Inc -I../Drivers/STM32F1xx_HAL_Driver/Inc/Legacy -I../Middlewares/ST/STM32_USB_Device_Library/Core/Inc -I../Middlewares/ST/STM32_USB_Device_Library/Class/HID/Inc -I../Drivers/CMSIS/Device/ST/STM32F1xx/Include -I../Drivers/CMSIS/Include -O0 -ffunction-sections -fdata-sections -Wall -fstack-usage -MMD -MP -MF"Core/Src/main.d" -MT"Core/Src/main.o" --specs=nano.specs -mfloat-abi=soft -mthumb -o "Core/Src/main.o"
arm-none-eabi-gcc "../Core/Src/stm32f1xx_hal_msp.c" -mcpu=cortex-m3 -std=gnu11 -g3 -DDEBUG -DUSE_HAL_DRIVER -DSTM32F103xB -c -I../USB_DEVICE/App -I../USB_DEVICE/Target -I../Core/Inc -I../Drivers/STM32F1xx_HAL_Driver/Inc -I../Drivers/STM32F1xx_HAL_Driver/Inc/Legacy -I../Middlewares/ST/STM32_USB_Device_Library/Core/Inc -I../Middlewares/ST/STM32_USB_Device_Library/Class/HID/Inc -I../Drivers/CMSIS/Device/ST/STM32F1xx/Include -I../Drivers/CMSIS/Include -O0 -ffunction-sections -fdata-sections -Wall -fstack-usage -MMD -MP -MF"Core/Src/stm32f1xx_hal_msp.d" -MT"Core/Src/stm32f1xx_hal_msp.o" --specs=nano.specs -mfloat-abi=soft -mthumb -o "Core/Src/stm32f1xx_hal_msp.o"
arm-none-eabi-gcc "../Core/Src/stm32f1xx_it.c" -mcpu=cortex-m3 -std=gnu11 -g3 -DDEBUG -DUSE_HAL_DRIVER -DSTM32F103xB -c -I../USB_DEVICE/App -I../USB_DEVICE/Target -I../Core/Inc -I../Drivers/STM32F1xx_HAL_Driver/Inc -I../Drivers/STM32F1xx_HAL_Driver/Inc/Legacy -I../Middlewares/ST/STM32_USB_Device_Library/Core/Inc -I../Middlewares/ST/STM32_USB_Device_Library/Class/HID/Inc -I../Drivers/CMSIS/Device/ST/STM32F1xx/Include -I../Drivers/CMSIS/Include -O0 -ffunction-sections -fdata-sections -Wall -fstack-usage -MMD -MP -MF"Core/Src/stm32f1xx_it.d" -MT"Core/Src/stm32f1xx_it.o" --specs=nano.specs -mfloat-abi=soft -mthumb -o "Core/Src/stm32f1xx_it.o"
../Core/Src/main.c: In function 'main':
../Core/Src/main.c:257:39: warning: passing argument 2 of 'USBD_HID_SendReport' from incompatible pointer type [-Wincompatible-pointer-types]
  257 |    USBD_HID_SendReport(&hUsbDeviceFS, &mousehid, sizeof (mousehid));
      |                                       ^~~~~~~~~
      |                                       |
      |                                       mouseHID * {aka struct <anonymous> *}
In file included from ../Core/Src/main.c:26:
../Middlewares/ST/STM32_USB_Device_Library/Class/HID/Inc/usbd_hid.h:122:38: note: expected 'uint8_t *' {aka 'unsigned char *'} but argument is of type 'mouseHID *' {aka 'struct <anonymous> *'}
  122 |                             uint8_t *report,
      |                             ~~~~~~~~~^~~~~~
../Core/Src/main.c:261:38: warning: passing argument 2 of 'USBD_HID_SendReport' from incompatible pointer type [-Wincompatible-pointer-types]
  261 |   USBD_HID_SendReport(&hUsbDeviceFS, &mousehid, sizeof (mousehid));
      |                                      ^~~~~~~~~
      |                                      |
      |                                      mouseHID * {aka struct <anonymous> *}
In file included from ../Core/Src/main.c:26:
../Middlewares/ST/STM32_USB_Device_Library/Class/HID/Inc/usbd_hid.h:122:38: note: expected 'uint8_t *' {aka 'unsigned char *'} but argument is of type 'mouseHID *' {aka 'struct <anonymous> *'}
  122 |                             uint8_t *report,
      |                             ~~~~~~~~~^~~~~~
arm-none-eabi-gcc "../Core/Src/system_stm32f1xx.c" -mcpu=cortex-m3 -std=gnu11 -g3 -DDEBUG -DUSE_HAL_DRIVER -DSTM32F103xB -c -I../USB_DEVICE/App -I../USB_DEVICE/Target -I../Core/Inc -I../Drivers/STM32F1xx_HAL_Driver/Inc -I../Drivers/STM32F1xx_HAL_Driver/Inc/Legacy -I../Middlewares/ST/STM32_USB_Device_Library/Core/Inc -I../Middlewares/ST/STM32_USB_Device_Library/Class/HID/Inc -I../Drivers/CMSIS/Device/ST/STM32F1xx/Include -I../Drivers/CMSIS/Include -O0 -ffunction-sections -fdata-sections -Wall -fstack-usage -MMD -MP -MF"Core/Src/system_stm32f1xx.d" -MT"Core/Src/system_stm32f1xx.o" --specs=nano.specs -mfloat-abi=soft -mthumb -o "Core/Src/system_stm32f1xx.o"
arm-none-eabi-gcc -o "mpu6050 accelometer.elf" @"objects.list"   -mcpu=cortex-m3 -T"C:\Users\Beyza\Desktop\2021 Fall\SDP\mpu6050 accelometer\mpu6050 accelometer\mpu6050 accelometer\STM32F103C8TX_FLASH.ld" --specs=nosys.specs -Wl,-Map="mpu6050 accelometer.map" -Wl,--gc-sections -static --specs=nano.specs -mfloat-abi=soft -mthumb -Wl,--start-group -lc -lm -Wl,--end-group
Finished building target: mpu6050 accelometer.elf
 
arm-none-eabi-size   mpu6050\ accelometer.elf 
arm-none-eabi-objdump -h -S  mpu6050\ accelometer.elf  > "mpu6050 accelometer.list"
arm-none-eabi-objcopy  -O binary  mpu6050\ accelometer.elf  "mpu6050 accelometer.bin"
   text	   data	    bss	    dec	    hex	filename
  35976	    364	   3692	  40032	   9c60	mpu6050 accelometer.elf
Finished building: default.size.stdout
 
Finished building: mpu6050 accelometer.bin
 
Finished building: mpu6050 accelometer.list
 
13:06:58 **** Incremental Build of configuration Debug for project mpu6050 accelometer ****
make -j4 all 
arm-none-eabi-gcc "../Core/Src/main.c" -mcpu=cortex-m3 -std=gnu11 -g3 -DDEBUG -DUSE_HAL_DRIVER -DSTM32F103xB -c -I../USB_DEVICE/App -I../USB_DEVICE/Target -I../Core/Inc -I../Drivers/STM32F1xx_HAL_Driver/Inc -I../Drivers/STM32F1xx_HAL_Driver/Inc/Legacy -I../Middlewares/ST/STM32_USB_Device_Library/Core/Inc -I../Middlewares/ST/STM32_USB_Device_Library/Class/HID/Inc -I../Drivers/CMSIS/Device/ST/STM32F1xx/Include -I../Drivers/CMSIS/Include -O0 -ffunction-sections -fdata-sections -Wall -fstack-usage -MMD -MP -MF"Core/Src/main.d" -MT"Core/Src/main.o" --specs=nano.specs -mfloat-abi=soft -mthumb -o "Core/Src/main.o"
../Core/Src/main.c: In function 'main':
../Core/Src/main.c:257:39: warning: passing argument 2 of 'USBD_HID_SendReport' from incompatible pointer type [-Wincompatible-pointer-types]
  257 |    USBD_HID_SendReport(&hUsbDeviceFS, &mousehid, sizeof (mousehid));
      |                                       ^~~~~~~~~
      |                                       |
      |                                       mouseHID * {aka struct <anonymous> *}
In file included from ../Core/Src/main.c:26:
../Middlewares/ST/STM32_USB_Device_Library/Class/HID/Inc/usbd_hid.h:122:38: note: expected 'uint8_t *' {aka 'unsigned char *'} but argument is of type 'mouseHID *' {aka 'struct <anonymous> *'}
  122 |                             uint8_t *report,
      |                             ~~~~~~~~~^~~~~~
../Core/Src/main.c:261:38: warning: passing argument 2 of 'USBD_HID_SendReport' from incompatible pointer type [-Wincompatible-pointer-types]
  261 |   USBD_HID_SendReport(&hUsbDeviceFS, &mousehid, sizeof (mousehid));
      |                                      ^~~~~~~~~
      |                                      |
      |                                      mouseHID * {aka struct <anonymous> *}
In file included from ../Core/Src/main.c:26:
../Middlewares/ST/STM32_USB_Device_Library/Class/HID/Inc/usbd_hid.h:122:38: note: expected 'uint8_t *' {aka 'unsigned char *'} but argument is of type 'mouseHID *' {aka 'struct <anonymous> *'}
  122 |                             uint8_t *report,
      |                             ~~~~~~~~~^~~~~~
arm-none-eabi-gcc -o "mpu6050 accelometer.elf" @"objects.list"   -mcpu=cortex-m3 -T"C:\Users\Beyza\Desktop\2021 Fall\SDP\mpu6050 accelometer\mpu6050 accelometer\mpu6050 accelometer\STM32F103C8TX_FLASH.ld" --specs=nosys.specs -Wl,-Map="mpu6050 accelometer.map" -Wl,--gc-sections -static --specs=nano.specs -mfloat-abi=soft -mthumb -Wl,--start-group -lc -lm -Wl,--end-group
Finished building target: mpu6050 accelometer.elf
 
arm-none-eabi-size   mpu6050\ accelometer.elf 
arm-none-eabi-objdump -h -S  mpu6050\ accelometer.elf  > "mpu6050 accelometer.list"
arm-none-eabi-objcopy  -O binary  mpu6050\ accelometer.elf  "mpu6050 accelometer.bin"
   text	   data	    bss	    dec	    hex	filename
  35972	    364	   3692	  40028	   9c5c	mpu6050 accelometer.elf
Finished building: default.size.stdout
 
Finished building: mpu6050 accelometer.bin
 
Finished building: mpu6050 accelometer.list
 
13:15:36 **** Incremental Build of configuration Debug for project mpu6050 accelometer ****
make -j4 all 
arm-none-eabi-gcc "../Core/Src/main.c" -mcpu=cortex-m3 -std=gnu11 -g3 -DDEBUG -DUSE_HAL_DRIVER -DSTM32F103xB -c -I../USB_DEVICE/App -I../USB_DEVICE/Target -I../Core/Inc -I../Drivers/STM32F1xx_HAL_Driver/Inc -I../Drivers/STM32F1xx_HAL_Driver/Inc/Legacy -I../Middlewares/ST/STM32_USB_Device_Library/Core/Inc -I../Middlewares/ST/STM32_USB_Device_Library/Class/HID/Inc -I../Drivers/CMSIS/Device/ST/STM32F1xx/Include -I../Drivers/CMSIS/Include -O0 -ffunction-sections -fdata-sections -Wall -fstack-usage -MMD -MP -MF"Core/Src/main.d" -MT"Core/Src/main.o" --specs=nano.specs -mfloat-abi=soft -mthumb -o "Core/Src/main.o"
../Core/Src/main.c: In function 'main':
../Core/Src/main.c:257:39: warning: passing argument 2 of 'USBD_HID_SendReport' from incompatible pointer type [-Wincompatible-pointer-types]
  257 |    USBD_HID_SendReport(&hUsbDeviceFS, &mousehid, sizeof (mousehid));
      |                                       ^~~~~~~~~
      |                                       |
      |                                       mouseHID * {aka struct <anonymous> *}
In file included from ../Core/Src/main.c:26:
../Middlewares/ST/STM32_USB_Device_Library/Class/HID/Inc/usbd_hid.h:122:38: note: expected 'uint8_t *' {aka 'unsigned char *'} but argument is of type 'mouseHID *' {aka 'struct <anonymous> *'}
  122 |                             uint8_t *report,
      |                             ~~~~~~~~~^~~~~~
../Core/Src/main.c:261:38: warning: passing argument 2 of 'USBD_HID_SendReport' from incompatible pointer type [-Wincompatible-pointer-types]
  261 |   USBD_HID_SendReport(&hUsbDeviceFS, &mousehid, sizeof (mousehid));
      |                                      ^~~~~~~~~
      |                                      |
      |                                      mouseHID * {aka struct <anonymous> *}
In file included from ../Core/Src/main.c:26:
../Middlewares/ST/STM32_USB_Device_Library/Class/HID/Inc/usbd_hid.h:122:38: note: expected 'uint8_t *' {aka 'unsigned char *'} but argument is of type 'mouseHID *' {aka 'struct <anonymous> *'}
  122 |                             uint8_t *report,
      |                             ~~~~~~~~~^~~~~~
arm-none-eabi-gcc -o "mpu6050 accelometer.elf" @"objects.list"   -mcpu=cortex-m3 -T"C:\Users\Beyza\Desktop\2021 Fall\SDP\mpu6050 accelometer\mpu6050 accelometer\mpu6050 accelometer\STM32F103C8TX_FLASH.ld" --specs=nosys.specs -Wl,-Map="mpu6050 accelometer.map" -Wl,--gc-sections -static --specs=nano.specs -mfloat-abi=soft -mthumb -Wl,--start-group -lc -lm -Wl,--end-group
Finished building target: mpu6050 accelometer.elf
 
arm-none-eabi-size   mpu6050\ accelometer.elf 
arm-none-eabi-objdump -h -S  mpu6050\ accelometer.elf  > "mpu6050 accelometer.list"
arm-none-eabi-objcopy  -O binary  mpu6050\ accelometer.elf  "mpu6050 accelometer.bin"
   text	   data	    bss	    dec	    hex	filename
  35972	    364	   3692	  40028	   9c5c	mpu6050 accelometer.elf
Finished building: default.size.stdout
 
Finished building: mpu6050 accelometer.bin
 
Finished building: mpu6050 accelometer.list
 
13:17:27 **** Incremental Build of configuration Debug for project mpu6050 accelometer ****
make -j4 all 
arm-none-eabi-gcc "../Core/Src/main.c" -mcpu=cortex-m3 -std=gnu11 -g3 -DDEBUG -DUSE_HAL_DRIVER -DSTM32F103xB -c -I../USB_DEVICE/App -I../USB_DEVICE/Target -I../Core/Inc -I../Drivers/STM32F1xx_HAL_Driver/Inc -I../Drivers/STM32F1xx_HAL_Driver/Inc/Legacy -I../Middlewares/ST/STM32_USB_Device_Library/Core/Inc -I../Middlewares/ST/STM32_USB_Device_Library/Class/HID/Inc -I../Drivers/CMSIS/Device/ST/STM32F1xx/Include -I../Drivers/CMSIS/Include -O0 -ffunction-sections -fdata-sections -Wall -fstack-usage -MMD -MP -MF"Core/Src/main.d" -MT"Core/Src/main.o" --specs=nano.specs -mfloat-abi=soft -mthumb -o "Core/Src/main.o"
../Core/Src/main.c: In function 'main':
../Core/Src/main.c:257:39: warning: passing argument 2 of 'USBD_HID_SendReport' from incompatible pointer type [-Wincompatible-pointer-types]
  257 |    USBD_HID_SendReport(&hUsbDeviceFS, &mousehid, sizeof (mousehid));
      |                                       ^~~~~~~~~
      |                                       |
      |                                       mouseHID * {aka struct <anonymous> *}
In file included from ../Core/Src/main.c:26:
../Middlewares/ST/STM32_USB_Device_Library/Class/HID/Inc/usbd_hid.h:122:38: note: expected 'uint8_t *' {aka 'unsigned char *'} but argument is of type 'mouseHID *' {aka 'struct <anonymous> *'}
  122 |                             uint8_t *report,
      |                             ~~~~~~~~~^~~~~~
../Core/Src/main.c:261:38: warning: passing argument 2 of 'USBD_HID_SendReport' from incompatible pointer type [-Wincompatible-pointer-types]
  261 |   USBD_HID_SendReport(&hUsbDeviceFS, &mousehid, sizeof (mousehid));
      |                                      ^~~~~~~~~
      |                                      |
      |                                      mouseHID * {aka struct <anonymous> *}
In file included from ../Core/Src/main.c:26:
../Middlewares/ST/STM32_USB_Device_Library/Class/HID/Inc/usbd_hid.h:122:38: note: expected 'uint8_t *' {aka 'unsigned char *'} but argument is of type 'mouseHID *' {aka 'struct <anonymous> *'}
  122 |                             uint8_t *report,
      |                             ~~~~~~~~~^~~~~~
arm-none-eabi-gcc -o "mpu6050 accelometer.elf" @"objects.list"   -mcpu=cortex-m3 -T"C:\Users\Beyza\Desktop\2021 Fall\SDP\mpu6050 accelometer\mpu6050 accelometer\mpu6050 accelometer\STM32F103C8TX_FLASH.ld" --specs=nosys.specs -Wl,-Map="mpu6050 accelometer.map" -Wl,--gc-sections -static --specs=nano.specs -mfloat-abi=soft -mthumb -Wl,--start-group -lc -lm -Wl,--end-group
Finished building target: mpu6050 accelometer.elf
 
arm-none-eabi-size   mpu6050\ accelometer.elf 
arm-none-eabi-objdump -h -S  mpu6050\ accelometer.elf  > "mpu6050 accelometer.list"
arm-none-eabi-objcopy  -O binary  mpu6050\ accelometer.elf  "mpu6050 accelometer.bin"
   text	   data	    bss	    dec	    hex	filename
  35972	    364	   3692	  40028	   9c5c	mpu6050 accelometer.elf
Finished building: default.size.stdout
 
Finished building: mpu6050 accelometer.bin
 
Finished building: mpu6050 accelometer.list
 
13:19:06 **** Incremental Build of configuration Debug for project mpu6050 accelometer ****
make -j4 all 
arm-none-eabi-gcc "../Core/Src/main.c" -mcpu=cortex-m3 -std=gnu11 -g3 -DDEBUG -DUSE_HAL_DRIVER -DSTM32F103xB -c -I../USB_DEVICE/App -I../USB_DEVICE/Target -I../Core/Inc -I../Drivers/STM32F1xx_HAL_Driver/Inc -I../Drivers/STM32F1xx_HAL_Driver/Inc/Legacy -I../Middlewares/ST/STM32_USB_Device_Library/Core/Inc -I../Middlewares/ST/STM32_USB_Device_Library/Class/HID/Inc -I../Drivers/CMSIS/Device/ST/STM32F1xx/Include -I../Drivers/CMSIS/Include -O0 -ffunction-sections -fdata-sections -Wall -fstack-usage -MMD -MP -MF"Core/Src/main.d" -MT"Core/Src/main.o" --specs=nano.specs -mfloat-abi=soft -mthumb -o "Core/Src/main.o"
../Core/Src/main.c: In function 'main':
../Core/Src/main.c:257:39: warning: passing argument 2 of 'USBD_HID_SendReport' from incompatible pointer type [-Wincompatible-pointer-types]
  257 |    USBD_HID_SendReport(&hUsbDeviceFS, &mousehid, sizeof (mousehid));
      |                                       ^~~~~~~~~
      |                                       |
      |                                       mouseHID * {aka struct <anonymous> *}
In file included from ../Core/Src/main.c:26:
../Middlewares/ST/STM32_USB_Device_Library/Class/HID/Inc/usbd_hid.h:122:38: note: expected 'uint8_t *' {aka 'unsigned char *'} but argument is of type 'mouseHID *' {aka 'struct <anonymous> *'}
  122 |                             uint8_t *report,
      |                             ~~~~~~~~~^~~~~~
../Core/Src/main.c:261:38: warning: passing argument 2 of 'USBD_HID_SendReport' from incompatible pointer type [-Wincompatible-pointer-types]
  261 |   USBD_HID_SendReport(&hUsbDeviceFS, &mousehid, sizeof (mousehid));
      |                                      ^~~~~~~~~
      |                                      |
      |                                      mouseHID * {aka struct <anonymous> *}
In file included from ../Core/Src/main.c:26:
../Middlewares/ST/STM32_USB_Device_Library/Class/HID/Inc/usbd_hid.h:122:38: note: expected 'uint8_t *' {aka 'unsigned char *'} but argument is of type 'mouseHID *' {aka 'struct <anonymous> *'}
  122 |                             uint8_t *report,
      |                             ~~~~~~~~~^~~~~~
arm-none-eabi-gcc -o "mpu6050 accelometer.elf" @"objects.list"   -mcpu=cortex-m3 -T"C:\Users\Beyza\Desktop\2021 Fall\SDP\mpu6050 accelometer\mpu6050 accelometer\mpu6050 accelometer\STM32F103C8TX_FLASH.ld" --specs=nosys.specs -Wl,-Map="mpu6050 accelometer.map" -Wl,--gc-sections -static --specs=nano.specs -mfloat-abi=soft -mthumb -Wl,--start-group -lc -lm -Wl,--end-group
Finished building target: mpu6050 accelometer.elf
 
arm-none-eabi-size   mpu6050\ accelometer.elf 
arm-none-eabi-objdump -h -S  mpu6050\ accelometer.elf  > "mpu6050 accelometer.list"
arm-none-eabi-objcopy  -O binary  mpu6050\ accelometer.elf  "mpu6050 accelometer.bin"
   text	   data	    bss	    dec	    hex	filename
  35972	    364	   3692	  40028	   9c5c	mpu6050 accelometer.elf
Finished building: default.size.stdout
 
Finished building: mpu6050 accelometer.bin
 
Finished building: mpu6050 accelometer.list
 
