13:19:06 **** Incremental Build of configuration Debug for project mpu6050 accelometer ****
make -j4 all 
arm-none-eabi-gcc "../Core/Src/main.c" -mcpu=cortex-m3 -std=gnu11 -g3 -DDEBUG -DUSE_HAL_DRIVER -DSTM32F103xB -c -I../USB_DEVICE/App -I../USB_DEVICE/Target -I../Core/Inc -I../Drivers/STM32F1xx_HAL_Driver/Inc -I../Drivers/STM32F1xx_HAL_Driver/Inc/Legacy -I../Middlewares/ST/STM32_USB_Device_Library/Core/Inc -I../Middlewares/ST/STM32_USB_Device_Library/Class/HID/Inc -I../Drivers/CMSIS/Device/ST/STM32F1xx/Include -I../Drivers/CMSIS/Include -O0 -ffunction-sections -fdata-sections -Wall -fstack-usage -MMD -MP -MF"Core/Src/main.d" -MT"Core/Src/main.o" --specs=nano.specs -mfloat-abi=soft -mthumb -o "Core/Src/main.o"
../Core/Src/main.c: In function 'main':
../Core/Src/main.c:257:39: warning: passing argument 2 of 'USBD_HID_SendReport' from incompatible pointer type [-Wincompatible-pointer-types]
  257 |    USBD_HID_SendReport(&hUsbDeviceFS, &mousehid, sizeof (mousehid));
      |                                       ^~~~~~~~~
      |                                       |
      |                                       mouseHID * {aka struct <anonymous> *}
In file included from ../Core/Src/main.c:26:
../Middlewares/ST/STM32_USB_Device_Library/Class/HID/Inc/usbd_hid.h:122:38: note: expected 'uint8_t *' {aka 'unsigned char *'} but argument is of type 'mouseHID *' {aka 'struct <anonymous> *'}
  122 |                             uint8_t *report,
      |                             ~~~~~~~~~^~~~~~
../Core/Src/main.c:261:38: warning: passing argument 2 of 'USBD_HID_SendReport' from incompatible pointer type [-Wincompatible-pointer-types]
  261 |   USBD_HID_SendReport(&hUsbDeviceFS, &mousehid, sizeof (mousehid));
      |                                      ^~~~~~~~~
      |                                      |
      |                                      mouseHID * {aka struct <anonymous> *}
In file included from ../Core/Src/main.c:26:
../Middlewares/ST/STM32_USB_Device_Library/Class/HID/Inc/usbd_hid.h:122:38: note: expected 'uint8_t *' {aka 'unsigned char *'} but argument is of type 'mouseHID *' {aka 'struct <anonymous> *'}
  122 |                             uint8_t *report,
      |                             ~~~~~~~~~^~~~~~
arm-none-eabi-gcc -o "mpu6050 accelometer.elf" @"objects.list"   -mcpu=cortex-m3 -T"C:\Users\Beyza\Desktop\2021 Fall\SDP\mpu6050 accelometer\mpu6050 accelometer\mpu6050 accelometer\STM32F103C8TX_FLASH.ld" --specs=nosys.specs -Wl,-Map="mpu6050 accelometer.map" -Wl,--gc-sections -static --specs=nano.specs -mfloat-abi=soft -mthumb -Wl,--start-group -lc -lm -Wl,--end-group
Finished building target: mpu6050 accelometer.elf
 
arm-none-eabi-size   mpu6050\ accelometer.elf 
arm-none-eabi-objdump -h -S  mpu6050\ accelometer.elf  > "mpu6050 accelometer.list"
arm-none-eabi-objcopy  -O binary  mpu6050\ accelometer.elf  "mpu6050 accelometer.bin"
   text	   data	    bss	    dec	    hex	filename
  35972	    364	   3692	  40028	   9c5c	mpu6050 accelometer.elf
Finished building: default.size.stdout
 
Finished building: mpu6050 accelometer.bin
 
Finished building: mpu6050 accelometer.list
 

13:19:08 Build Finished. 0 errors, 2 warnings. (took 1s.685ms)

